[www.megamachinery.com/index.html]
[megamachinery.com/wp-content/uploads/2020/12/icon.png]
[backblue.gif]
[fade.gif]
[index.html]
[www.megamachinery.com/feed/index.html]
[www.megamachinery.com/comments/feed/index.html]
[use.fontawesome.com/releases/v5.15.1/css/all.css]
[use.fontawesome.com/releases/v5.15.1/css/v4-shims.css]
[www.megamachinery.com/wp-includes/js/jquery/jquery.minf43b.js]
[www.megamachinery.com/wp-includes/js/jquery/jquery-migrate.min5589.js]
[www.megamachinery.com/wp-content/plugins/revslider/public/assets/js/rbtools.min5c45.js]
[www.megamachinery.com/wp-content/plugins/revslider/public/assets/js/rs6.min5c45.js]
[www.megamachinery.com/wp-json/index.html]
[www.megamachinery.com/wp-json/wp/v2/pages/1096.json]
[www.megamachinery.com/xmlrpc0db0.php]
[www.megamachinery.com/wp-json/oembed/1.0/embed9b97.json]
[www.megamachinery.com/wp-json/oembed/1.0/embedab38]
[www.megamachinery.com/wp-content/uploads/2020/12/oil-01-1.png]
[www.megamachinery.com/wp-content/uploads/2020/12/jar-01-1.png]
[www.megamachinery.com/wp-content/uploads/2020/12/juice-01-1.png]
[www.megamachinery.com/wp-content/uploads/2020/12/gallon-01-1.png]
[www.megamachinery.com/wp-content/uploads/2021/01/Large-bottle01.png]
[www.megamachinery.com/wp-content/uploads/2020/12/PE-01-1.png]
[www.megamachinery.com/wp-content/uploads/2020/12/oil-02-1.png]
[www.megamachinery.com/wp-content/uploads/2020/12/jar-02-1.png]
[www.megamachinery.com/wp-content/uploads/2020/12/juice-02-1.png]
[www.megamachinery.com/wp-content/uploads/2020/12/gallon-02-1.png]
[www.megamachinery.com/wp-content/uploads/2021/01/Large-bottle02.png]
[www.megamachinery.com/wp-content/uploads/2020/12/PE-02-1.png]
[www.megamachinery.com/wp-content/uploads/2020/12/oil-S1.png]
[www.megamachinery.com/wp-content/uploads/2020/12/jar-S1.png]
[www.megamachinery.com/wp-content/uploads/2020/12/juice-S1.png]
[www.megamachinery.com/wp-content/uploads/2020/12/gallon-S1.png]
[www.megamachinery.com/wp-content/uploads/2021/01/Large-bottle-S1.png]
[www.megamachinery.com/wp-content/uploads/2020/12/PE-S1.png]
[www.megamachinery.com/wp-content/uploads/2020/12/oil-S2.png]
[www.megamachinery.com/wp-content/uploads/2020/12/jar-S2.png]
[www.megamachinery.com/wp-content/uploads/2020/12/juice-S2.png]
[www.megamachinery.com/wp-content/uploads/2020/12/gallon-S2.png]
[www.megamachinery.com/wp-content/uploads/2021/01/Large-bottle-S2.png]
[www.megamachinery.com/wp-content/uploads/2020/12/PE-S2.png]
[megamachinery.com/wp-content/uploads/2020/12/logo.com_.jpg]
[megamachinery.com/wp-content/uploads/2020/12/logo-1.png]
[megamachinery.com/wp-content/uploads/2020/12/slider-33.jpg]
[www.megamachinery.com/products/automatic-stretch-blow-molding-machines/index.html]
[www.megamachinery.com/products/index.html]
[www.megamachinery.com/about-us/index.html]
[www.megamachinery.com/products/semi-automatic-blow-moulding-machines/index.html]
[www.megamachinery.com/wp-content/uploads/2020/12/banner06-2-1.jpg]
[www.megamachinery.com/products/extrusion-blow-molding-machines/index.html]
[www.megamachinery.com/products/injection-molding-machine/index.html]
[www.megamachinery.com/products/pet-moulds/index.html]
[www.megamachinery.com/products/pet-moulds/pet-preform-moulds/index.html]
[megamachinery.com/wp-content/uploads/2020/12/banner05-1.jpg]
[www.megamachinery.com/products/pet-moulds/5-gallon-preform-moulds/index.html]
[www.megamachinery.com/products/pet-moulds/wide-mouth-preform-moulds/index.html]
[www.megamachinery.com/products/pet-moulds/cap-and-closure-mould/index.html]
[megamachinery.com/wp-content/uploads/2020/12/banner07-1.jpg]
[www.megamachinery.com/portfolio/pet-blow-mould/index.html]
[www.megamachinery.com/products/filling-packaging-equipments/index.html]
[www.megamachinery.com/products/equipments-for-caps/index.html]
[www.megamachinery.com/products/auxiliary-equipments/index.html]
[megamachinery.com/wp-content/uploads/2020/12/banner10-1.jpg]
[www.megamachinery.com/pet-preforms/index.html]
[www.megamachinery.com/solution/index.html]
[www.megamachinery.com/news/index.html]
[www.megamachinery.com/wp-content/uploads/2020/12/01s1.jpg]
[www.megamachinery.com/faq/index.html]
[www.megamachinery.com/support/index.html]
[www.megamachinery.com/downloads/index.html]
[www.megamachinery.com/wp-content/uploads/2020/12/a4.jpg]
[www.megamachinery.com/gallery/index.html]
[www.megamachinery.com/contact-us/index.html]
[www.megamachinery.com/gallery/blowing-products-media-bottles/index.html]
[www.megamachinery.com/wp-content/uploads/2020/12/01s2.jpg]
[www.megamachinery.com/gallery/injection-moulding-products/index.html]
[www.megamachinery.com/gallery/our-clients/index.html]
[www.megamachinery.com/wp-content/uploads/2020/12/a5.jpg]
[www.megamachinery.com/gallery/mega-machinery-daily/index.html]
[www.megamachinery.com/wp-content/uploads/2020/12/01s3.jpg]
[www.megamachinery.com/wp-content/uploads/2020/12/089.jpg]
[www.megamachinery.com/wp-content/plugins/revslider/public/assets/assets/transparent.png]
[www.megamachinery.com/wp-content/uploads/2021/01/500x600k1.jpg]
[www.megamachinery.com/solution/pet-bottles-with-the-handle/index.html]
[www.megamachinery.com/wp-content/uploads/2021/11/微信图片_20211116075441.4b.delayed]
[www.megamachinery.com/wp-content/uploads/2021/11/微信图片_20211116075406.jpg]
[www.megamachinery.com/solution/wide-mouth-containers-jar/index.html]
[www.megamachinery.com/solution/hot-fill-pet-bottles/index.html]
[www.megamachinery.com/wp-content/uploads/2021/11/微信图片_20211116075450.jpg]
[www.megamachinery.com/wp-content/uploads/2021/11/微信图片_20211116075436.jpg]
[www.megamachinery.com/wp-content/uploads/2021/11/微信图片_20211116075432.jpg]
[www.megamachinery.com/solution/large-pet-container-5-gallon-pet-bottles/index.html]
[www.megamachinery.com/solution/multiple-layer-extrusion-blow-molded-container/index.html]
[megamachinery.com/wp-content/uploads/2020/12/1920-1080_1-1.jpg]
[www.megamachinery.com/wp-content/uploads/2020/12/i1-1.png]
[www.megamachinery.com/wp-content/uploads/2020/12/saller-5-500x368.jpg]
[www.megamachinery.com/wp-content/uploads/2020/12/saller-3-500x368.jpg]
[www.megamachinery.com/wp-content/uploads/2021/03/our-team-500x368.jpg]
[www.megamachinery.com/wp-content/uploads/2020/12/gallerys_x2-169x169.jpg]
[www.megamachinery.com/wp-content/uploads/2020/12/gallerys_x3-169x169.jpg]
[www.megamachinery.com/wp-content/uploads/2020/12/gallerys_x4-169x169.jpg]
[www.megamachinery.com/wp-content/uploads/2020/12/gallerys_x1-169x169.jpg]
[www.megamachinery.com/wp-content/uploads/2024/09/new26-359x283.jpg]
[www.megamachinery.com/wp-content/uploads/2021/01/4nn-359x283.jpg]
[www.megamachinery.com/daily-maintenance-and-care-of-bottle-blowing-machine/index.html]
[www.megamachinery.com/wp-content/uploads/2021/01/1banner-359x283.jpg]
[www.megamachinery.com/common-problems-and-solutions-in-pet-preform-production/index.html]
[www.megamachinery.com/wp-content/uploads/2021/01/untitleddg--359x283.bmp]
[www.megamachinery.com/wp-content/uploads/2021/01/4f-359x283.jpg]
[www.megamachinery.com/plastic-product-recycling-mark/index.html]
[www.megamachinery.com/application-of-pet-bottles-in-hot-filled-beverages/index.html]
[www.megamachinery.com/wp-content/uploads/2020/12/01-1.jpg]
[www.megamachinery.com/structure-and-working-principle-of-automatic-blow-molding-machine/index.html]
[www.megamachinery.com/wp-content/uploads/2020/12/02.jpg]
[www.megamachinery.com/wp-content/uploads/2020/12/03.jpg]
[www.megamachinery.com/wp-content/uploads/2020/12/04.jpg]
[www.megamachinery.com/wp-content/uploads/2020/12/05.jpg]
[www.megamachinery.com/wp-content/uploads/2020/12/07.jpg]
[www.megamachinery.com/wp-content/uploads/2020/12/09.jpg]
[www.megamachinery.com/wp-content/uploads/2021/01/11.jpg]
[www.megamachinery.com/wp-content/uploads/2021/01/12.jpg]
[www.megamachinery.com/wp-includes/js/dist/hooks.min4fdd.js]
[www.megamachinery.com/wp-includes/js/dist/i18n.minc33c.js]
[www.megamachinery.com/wp-content/plugins/contact-form-7/includes/swv/js/indexf049.js]
[www.megamachinery.com/wp-content/plugins/contact-form-7/includes/js/indexf049.js]
[www.megamachinery.com/wp-content/plugins/bluehost-wordpress-plugin/vendor/newfold-labs/wp-module-performance/build/image-lazy-loader.mind88b.js]
[www.megamachinery.com/wp-content/themes/industrial/js/modernizr3e78.js]
[www.megamachinery.com/wp-content/themes/industrial/js/countto3e78.js]
[www.megamachinery.com/wp-includes/js/dist/vendor/moment.minf799.js]
[www.megamachinery.com/wp-content/themes/industrial/js/pikaday3e78.js]
[www.megamachinery.com/wp-content/themes/industrial/js/jquery.swipebox3e78.js]
[www.megamachinery.com/wp-content/themes/industrial/js/bootstrap/bootstrap.min3e78.js]
[www.megamachinery.com/wp-content/plugins/js_composer/assets/lib/vendor/node_modules/isotope-layout/dist/isotope.pkgd.min7035.js]
[www.megamachinery.com/wp-content/themes/industrial/js/doubletaptogo3e78.js]
[www.megamachinery.com/wp-content/themes/industrial/js/flexibility3e78.js]
[www.megamachinery.com/wp-content/themes/industrial/js/functions3e78.js]
[www.megamachinery.com/wp-content/themes/industrial/js/owlcarousel/owl.carousel3e78.js]
[www.google.com/recaptcha/apia21a.js]
[www.megamachinery.com/wp-includes/js/dist/vendor/wp-polyfill.min2c7c.js]
[www.megamachinery.com/wp-content/plugins/contact-form-7/modules/recaptcha/indexf049.js]
[www.megamachinery.com/wp-content/themes/industrial/js/waypoints/jquery.waypoints.min3e78.js]
[www.megamachinery.com/wp-content/plugins/js_composer/assets/js/dist/js_composer_front.min7035.js]
[www.megamachinery.com/wp-content/plugins/js_composer/assets/lib/vc/vc_waypoints/vc-waypoints.min7035.js]
[www.megamachinery.com/wp-content/plugins/js_composer/assets/lib/vendor/node_modules/skrollr/dist/skrollr.min7035.js]
[www.megamachinery.com/wp-content/plugins/js_composer/assets/lib/vendor/node_modules/imagesloaded/imagesloaded.pkgd.min7035.js]
[www.megamachinery.com/wp-includes/js/underscore.min3ab8.js]
[www.megamachinery.com/wp-content/plugins/js_composer/assets/js/dist/vc_grid.min7035.js]
[www.megamachinery.com/index.html]
[www.megamachinery.com/xmlrpc.php]
[www.megamachinery.com/wp-includes/css/dist/block-library/style.min3e78.css]
[www.megamachinery.com/wp-content/plugins/contact-form-7/includes/css/stylesf049.css]
[www.megamachinery.com/wp-content/plugins/revslider/public/assets/fonts/revicons/revicons90c6.eot]
[www.megamachinery.com/wp-content/plugins/revslider/public/assets/fonts/revicons/revicons90c6.woff]
[www.megamachinery.com/wp-content/plugins/revslider/public/assets/fonts/revicons/revicons90c6.ttf]
[www.megamachinery.com/wp-content/plugins/revslider/public/assets/assets/gridtile.png]
[www.megamachinery.com/wp-content/plugins/revslider/public/assets/assets/gridtile_white.png]
[www.megamachinery.com/wp-content/plugins/revslider/public/assets/assets/gridtile_3x3.png]
[www.megamachinery.com/wp-content/plugins/revslider/public/assets/assets/gridtile_3x3_white.png]
[www.megamachinery.com/wp-content/plugins/revslider/public/assets/assets/coloredbg.png]
[www.megamachinery.com/wp-content/plugins/revslider/public/assets/assets/loader.gif]
[www.megamachinery.com/wp-content/plugins/revslider/public/assets/css/rs65c45.css]
[www.megamachinery.com/wp-content/themes/industrial/style3e78.css]
[www.megamachinery.com/wp-content/themes/industrial-child/style51a2.css]
[www.megamachinery.com/wp-content/themes/industrial/webfonts/fa-brands-400.eot]
[www.megamachinery.com/wp-content/themes/industrial/webfonts/fa-brands-400d41d.eot]
[www.megamachinery.com/wp-content/themes/industrial/webfonts/fa-brands-400.woff2]
[www.megamachinery.com/wp-content/themes/industrial/webfonts/fa-brands-400.woff]
[www.megamachinery.com/wp-content/themes/industrial/webfonts/fa-brands-400.ttf]
[www.megamachinery.com/wp-content/themes/industrial/webfonts/fa-regular-400.eot]
[www.megamachinery.com/wp-content/themes/industrial/webfonts/fa-regular-400d41d.eot]
[www.megamachinery.com/wp-content/themes/industrial/webfonts/fa-regular-400.woff2]
[www.megamachinery.com/wp-content/themes/industrial/webfonts/fa-regular-400.woff]
[www.megamachinery.com/wp-content/themes/industrial/webfonts/fa-regular-400.ttf]
[www.megamachinery.com/wp-content/themes/industrial/webfonts/fa-solid-900.eot]
[www.megamachinery.com/wp-content/themes/industrial/webfonts/fa-solid-900d41d.eot]
[www.megamachinery.com/wp-content/themes/industrial/webfonts/fa-solid-900.woff2]
[www.megamachinery.com/wp-content/themes/industrial/webfonts/fa-solid-900.woff]
[www.megamachinery.com/wp-content/themes/industrial/webfonts/fa-solid-900.ttf]
[www.megamachinery.com/wp-content/themes/industrial/css/all.min3e78.css]
[www.megamachinery.com/wp-content/themes/industrial/js/owlcarousel/assets/owl.video.play.png]
[www.megamachinery.com/wp-content/themes/industrial/js/owlcarousel/assets/owl.carousel3e78.css]
[www.megamachinery.com/wp-content/themes/industrial/css/bootstrap3e78.css]
[www.megamachinery.com/wp-content/themes/industrial/css/pikaday3e78.css]
[www.megamachinery.com/wp-content/themes/industrial/css/boxed/pattern-1.png]
[www.megamachinery.com/wp-content/themes/industrial/css/boxed/pattern-2.png]
[www.megamachinery.com/wp-content/themes/industrial/css/boxed/pattern-3.png]
[www.megamachinery.com/wp-content/themes/industrial/css/boxed/pattern-4.png]
[www.megamachinery.com/wp-content/themes/industrial/css/boxed/pattern-5.png]
[www.megamachinery.com/wp-content/themes/industrial/css/boxed/pattern-6.png]
[www.megamachinery.com/wp-content/themes/industrial/css/boxed/pattern-7.png]
[www.megamachinery.com/wp-content/themes/industrial/css/boxed/pattern-8.png]
[www.megamachinery.com/wp-content/themes/industrial/css/boxed/pattern-9.png]
[www.megamachinery.com/wp-content/themes/industrial/css/boxed/pattern-10.af.delayed]
[www.megamachinery.com/wp-content/themes/industrial/css/core3e78.css]
[www.megamachinery.com/wp-content/themes/industrial/css/components3e78.css]
[www.megamachinery.com/wp-content/themes/industrial/css/components/button3e78.css]
[www.megamachinery.com/wp-content/themes/industrial/images/swipebox/loader.gif]
[www.megamachinery.com/wp-content/themes/industrial/images/swipebox/icons.png]
[www.megamachinery.com/wp-content/themes/industrial/css/swipebox3e78.css]
[www.megamachinery.com/wp-content/themes/industrial-child/style3e78.css]
[www.megamachinery.com/wp-content/themes/industrial/css/wordpress3e78.css]
[www.megamachinery.com/wp-content/themes/industrial/custom3e78.css]
[use.fontawesome.com/releases/v5.15.1/css/all.css]
[www.megamachinery.com/wp-content/plugins/js_composer/assets/vc/alert.png]
[www.megamachinery.com/wp-content/plugins/js_composer/assets/vc/info.png]
[www.megamachinery.com/wp-content/plugins/js_composer/assets/vc/tick.png]
[www.megamachinery.com/wp-content/plugins/js_composer/assets/vc/exclamation.png]
[www.megamachinery.com/wp-content/plugins/js_composer/assets/images/icons/address-book.png]
[www.megamachinery.com/wp-content/plugins/js_composer/assets/images/icons/alarm-clock.png]
[www.megamachinery.com/wp-content/plugins/js_composer/assets/images/icons/anchor.png]
[www.megamachinery.com/wp-content/plugins/js_composer/assets/images/icons/application-image.png]
[www.megamachinery.com/wp-content/plugins/js_composer/assets/images/icons/arrow.png]
[www.megamachinery.com/wp-content/plugins/js_composer/assets/images/icons/asterisk.png]
[www.megamachinery.com/wp-content/plugins/js_composer/assets/images/icons/auction-hammer.png]
[www.megamachinery.com/wp-content/plugins/js_composer/assets/images/icons/balloon.png]
[www.megamachinery.com/wp-content/plugins/js_composer/assets/images/icons/balloon-buzz.png]
[www.megamachinery.com/wp-content/plugins/js_composer/assets/images/icons/balloon-facebook.png]
[www.megamachinery.com/wp-content/plugins/js_composer/assets/images/icons/balloon-twitter.png]
[www.megamachinery.com/wp-content/plugins/js_composer/assets/images/icons/battery-full.png]
[www.megamachinery.com/wp-content/plugins/js_composer/assets/images/icons/binocular.png]
[www.megamachinery.com/wp-content/plugins/js_composer/assets/images/icons/blue-document-excel.png]
[www.megamachinery.com/wp-content/plugins/js_composer/assets/images/icons/blue-document-image.png]
[www.megamachinery.com/wp-content/plugins/js_composer/assets/images/icons/blue-document-music.png]
[www.megamachinery.com/wp-content/plugins/js_composer/assets/images/icons/blue-document-office.png]
[www.megamachinery.com/wp-content/plugins/js_composer/assets/images/icons/blue-document-pdf.png]
[www.megamachinery.com/wp-content/plugins/js_composer/assets/images/icons/blue-document-powerpoint.png]
[www.megamachinery.com/wp-content/plugins/js_composer/assets/images/icons/blue-document-word.png]
[www.megamachinery.com/wp-content/plugins/js_composer/assets/images/icons/bookmark.png]
[www.megamachinery.com/wp-content/plugins/js_composer/assets/images/icons/camcorder.png]
[www.megamachinery.com/wp-content/plugins/js_composer/assets/images/icons/camera.png]
[www.megamachinery.com/wp-content/plugins/js_composer/assets/images/icons/chart.png]
[www.megamachinery.com/wp-content/plugins/js_composer/assets/images/icons/chart-pie.png]
[www.megamachinery.com/wp-content/plugins/js_composer/assets/images/icons/clock.png]
[www.megamachinery.com/wp-content/plugins/js_composer/assets/images/icons/control.png]
[www.megamachinery.com/wp-content/plugins/js_composer/assets/images/icons/fire.png]
[www.megamachinery.com/wp-content/plugins/js_composer/assets/images/icons/heart.png]
[www.megamachinery.com/wp-content/plugins/js_composer/assets/images/icons/mail.png]
[www.megamachinery.com/wp-content/plugins/js_composer/assets/images/icons/plus-shield.png]
[www.megamachinery.com/wp-content/plugins/js_composer/assets/images/icons/video.png]
[www.megamachinery.com/wp-content/plugins/js_composer/assets/fonts/vc_icons_v3/fonts/vcpb-plugin-iconscd4b.eot]
[www.megamachinery.com/wp-content/plugins/js_composer/assets/fonts/vc_icons_v3/fonts/vcpb-plugin-iconscd4b.ttf]
[www.megamachinery.com/wp-content/plugins/js_composer/assets/fonts/vc_icons_v3/fonts/vcpb-plugin-iconscd4b.woff]
[www.megamachinery.com/wp-content/plugins/js_composer/assets/images/toggle_open.png]
[www.megamachinery.com/wp-content/plugins/js_composer/assets/images/toggle_close.png]
[www.megamachinery.com/wp-content/plugins/js_composer/assets/images/flickr.png]
[www.megamachinery.com/wp-content/plugins/js_composer/assets/fonts/vc_grid/vc_grid_v157a1.eot]
[www.megamachinery.com/wp-content/plugins/js_composer/assets/fonts/vc_grid/vc_grid_v1d41d.eot]
[www.megamachinery.com/wp-content/plugins/js_composer/assets/fonts/vc_grid/vc_grid_v157a1.woff]
[www.megamachinery.com/wp-content/plugins/js_composer/assets/fonts/vc_grid/vc_grid_v157a1.ttf]
[www.megamachinery.com/wp-content/plugins/js_composer/assets/images/spinner.gif]
[www.megamachinery.com/wp-content/plugins/js_composer/assets/vc/remove.png]
[www.megamachinery.com/wp-content/plugins/js_composer/assets/css/js_composer.min7035.css]
[use.fontawesome.com/releases/v5.15.1/css/v4-shims.css]
[www.megamachinery.com/wp-json/wp/v2/pages/1408.json]
[www.megamachinery.com/wp-json/oembed/1.0/embed1e8c.json]
[www.megamachinery.com/wp-json/oembed/1.0/embed1c62]
[www.megamachinery.com/wp-content/uploads/2020/12/banner-bg.jpg]
[www.megamachinery.com/wp-content/uploads/2020/07/gallerys_x2.jpg]
[www.megamachinery.com/wp-content/uploads/2020/12/3.jpg]
[www.megamachinery.com/wp-content/uploads/2020/12/4.jpg]
[www.megamachinery.com/wp-content/uploads/2020/12/solotionssx_14.jpg]
[www.megamachinery.com/about-us-2/index.html]
[www.megamachinery.com/wp-content/plugins/js_composer/assets/lib/vendor/node_modules/lightbox2/dist/js/lightbox.min7035.js]
[www.megamachinery.com/about-us/index.html]
[www.megamachinery.com/wp-json/wp/v2/pages/1461.json]
[www.megamachinery.com/wp-json/oembed/1.0/embedbe57.json]
[www.megamachinery.com/wp-json/oembed/1.0/embed8d17]
[megamachinery.com/wp-content/uploads/2020/12/3d9253907135d4b3ff3a7396e0074e2ae1da683316231-oXtUuzb353.jpg]
[www.megamachinery.com/wp-content/uploads/2021/01/c.jpg]
[www.megamachinery.com/wp-content/uploads/2021/03/EB.jpg]
[www.megamachinery.com/wp-content/uploads/2021/03/SA.jpg]
[www.megamachinery.com/wp-content/uploads/2020/07/MG-SL-1.jpg]
[www.megamachinery.com/wp-content/uploads/2020/12/Filling-Packaging-Equipments.jpg]
[www.megamachinery.com/wp-content/uploads/2020/07/MG.jpg]
[www.megamachinery.com/wp-content/uploads/2020/12/Cap-Lining-Machine-1.jpg]
[www.megamachinery.com/wp-content/uploads/2020/12/26-1.jpg]
[www.megamachinery.com/wp-content/uploads/2020/12/Granulator-1.jpg]
[www.megamachinery.com/products/index.html]
[www.megamachinery.com/wp-json/wp/v2/pages/2170.json]
[www.megamachinery.com/wp-json/oembed/1.0/embed813f.json]
[www.megamachinery.com/wp-json/oembed/1.0/embedc092]
[www.megamachinery.com/wp-content/uploads/2020/07/MG-D-1-300x240.jpg]
[www.megamachinery.com/wp-content/uploads/2020/07/RB12.jpg]
[www.megamachinery.com/portfolio/rotary-blow-moulding-machines/index.html]
[www.megamachinery.com/portfolio/electric-stretch-blow-moulding-machines/index.html]
[www.megamachinery.com/wp-content/uploads/2020/12/EB10-2.jpg]
[www.megamachinery.com/wp-content/uploads/2020/07/MG-E-1.jpg]
[www.megamachinery.com/wp-content/uploads/2020/07/MG-SS.jpg]
[www.megamachinery.com/portfolio/economical-blow-moulding-machines/index.html]
[www.megamachinery.com/wp-content/uploads/2020/12/MG-SS-1-1.jpg]
[www.megamachinery.com/portfolio/ss-series-automatic-blow-molding-machines/index.html]
[www.megamachinery.com/wp-content/uploads/2020/12/MG-SS2W.jpg]
[www.megamachinery.com/portfolio/ss-series-blow-moulding-machine-for-large-bottle/index.html]
[www.megamachinery.com/wp-content/uploads/2020/07/MG-120-1.jpg]
[www.megamachinery.com/portfolio/mg-ss2w-blow-moulding-machine-for-pet-can/index.html]
[www.megamachinery.com/portfolio/5-gallon-pet-blow-moulding-machine-mg-120/index.html]
[www.megamachinery.com/wp-content/uploads/2020/07/MG-PP.jpg]
[www.megamachinery.com/portfolio/mg-pp-sretch-blow-moulding-machine/index.html]
[www.megamachinery.com/wp-content/uploads/2020/07/MG-HR.jpg]
[www.megamachinery.com/products/automatic-stretch-blow-molding-machines/index.html]
[www.megamachinery.com/portfolio/heat-resistance-stretch-blow-molding-machine/index.html]
[www.megamachinery.com/wp-json/wp/v2/pages/2182.json]
[www.megamachinery.com/wp-json/oembed/1.0/embed0d5e.json]
[www.megamachinery.com/wp-json/oembed/1.0/embed8bbf]
[www.megamachinery.com/wp-content/uploads/2020/07/MG-SA.jpg]
[www.megamachinery.com/portfolio/mg-sa-blow-moulding-machines/index.html]
[www.megamachinery.com/wp-content/uploads/2020/07/MG-880-1.jpg]
[www.megamachinery.com/portfolio/mg-880-semi-automatic-stretch-blow-moulding-machine/index.html]
[www.megamachinery.com/wp-content/uploads/2020/07/MG-900-1.jpg]
[www.megamachinery.com/wp-content/uploads/2020/07/MG-90-1.jpg]
[www.megamachinery.com/portfolio/mg-900-semi-automatic-pet-blow-moulding-machine/index.html]
[www.megamachinery.com/portfolio/mg-90-pet-blow-moulding-machine-for-large-pet-bottles/index.html]
[www.megamachinery.com/wp-content/uploads/2020/07/MG-700-1.jpg]
[www.megamachinery.com/wp-content/uploads/2020/07/MG-SA2L-1.jpg]
[www.megamachinery.com/portfolio/mg-jar700-semi-automatic-blow-moulding-machine/index.html]
[www.megamachinery.com/products/semi-automatic-blow-moulding-machines/index.html]
[www.megamachinery.com/portfolio/mg-sa2-m-l-semi-automatic-blow-moulding-machine/index.html]
[www.megamachinery.com/wp-json/wp/v2/pages/2172.json]
[www.megamachinery.com/wp-json/oembed/1.0/embed0032.json]
[www.megamachinery.com/wp-json/oembed/1.0/embed21c0]
[www.megamachinery.com/wp-content/uploads/2020/07/MG-S-1.jpg]
[www.megamachinery.com/portfolio/mg-s-series-extrusion-blow-moulding-machine-single-station/index.html]
[www.megamachinery.com/wp-content/uploads/2020/07/MG-D-1.jpg]
[www.megamachinery.com/portfolio/mg-d-series-extrusion-blow-moulding-machine-double-station/index.html]
[www.megamachinery.com/wp-content/uploads/2020/07/MG-PC25L.jpg]
[www.megamachinery.com/portfolio/mg-pc25l-extrusion-blow-moulding-machine/index.html]
[www.megamachinery.com/wp-content/uploads/2020/07/MG-S250L.jpg]
[www.megamachinery.com/products/extrusion-blow-molding-machines/index.html]
[www.megamachinery.com/portfolio/mg-sl-series-accumulator-head-extrusion-blow-moulding-machines/index.html]
[www.megamachinery.com/portfolio/mg-s250l-extrusion-blow-moulding-machine/index.html]
[www.megamachinery.com/wp-json/wp/v2/pages/2174.json]
[www.megamachinery.com/wp-json/oembed/1.0/embedd109.json]
[www.megamachinery.com/wp-json/oembed/1.0/embedf6c3]
[www.megamachinery.com/wp-content/uploads/2020/07/MG-PET.jpg]
[www.megamachinery.com/wp-content/uploads/2020/07/MG2.jpg]
[www.megamachinery.com/products/injection-molding-machine/index.html]
[www.megamachinery.com/portfolio/pet-injection-moulding-machines/index.html]
[www.megamachinery.com/portfolio/mg-series-injection-moulding-machines/index.html]
[www.megamachinery.com/portfolio/mg-series-injection-moulding-machines-2/index.html]
[www.megamachinery.com/wp-json/wp/v2/pages/2644.json]
[www.megamachinery.com/wp-json/oembed/1.0/embed6dbf.json]
[www.megamachinery.com/wp-json/oembed/1.0/embedb467]
[www.megamachinery.com/wp-content/uploads/2021/01/26-266.jpg]
[www.megamachinery.com/wp-content/uploads/2021/01/26-1.jpg]
[www.megamachinery.com/wp-content/uploads/2020/07/18-1.jpg]
[www.megamachinery.com/wp-content/uploads/2020/07/13-1.jpg]
[www.megamachinery.com/wp-content/uploads/2020/07/25-1.jpg]
[www.megamachinery.com/wp-content/uploads/2020/07/27-1.jpg]
[www.megamachinery.com/products/pet-moulds/index.html]
[www.megamachinery.com/wp-json/wp/v2/pages/4717.json]
[www.megamachinery.com/wp-json/oembed/1.0/embed2e54.json]
[www.megamachinery.com/wp-json/oembed/1.0/embed0848]
[www.megamachinery.com/wp-content/uploads/2020/07/01-1.jpg]
[www.megamachinery.com/portfolio/8-cavity-preform-mould-for-pco-1810-neck-finish/index.html]
[www.megamachinery.com/wp-content/uploads/2020/07/02-1.jpg]
[www.megamachinery.com/portfolio/12-cavity-preform-mould-for-30-25-neck-finish/index.html]
[www.megamachinery.com/wp-content/uploads/2020/07/03-1.jpg]
[www.megamachinery.com/wp-content/uploads/2020/07/04-1.jpg]
[www.megamachinery.com/portfolio/16-cavity-preform-mould-for-pco-1810-neck-finish/index.html]
[www.megamachinery.com/wp-content/uploads/2020/07/05-1.jpg]
[www.megamachinery.com/portfolio/20-cavity-preform-mould-for-42mm-neck-finish/index.html]
[www.megamachinery.com/portfolio/24-cavity-preform-mould-for-pco-1881-neck-finish/index.html]
[www.megamachinery.com/wp-content/uploads/2020/07/06-1.jpg]
[www.megamachinery.com/wp-content/uploads/2020/12/07-1.jpg]
[www.megamachinery.com/portfolio/32-cavity-preform-mould-for-pco-1810-neck-finish/index.html]
[www.megamachinery.com/portfolio/32-cavity-preform-mould-for-30-25-neck-finish/index.html]
[www.megamachinery.com/wp-content/uploads/2020/07/08-1.jpg]
[www.megamachinery.com/wp-content/uploads/2020/07/10-1.jpg]
[www.megamachinery.com/portfolio/32-cavity-preform-mould-for-38mm-neck-finish/index.html]
[www.megamachinery.com/wp-content/uploads/2020/07/11-1.jpg]
[www.megamachinery.com/portfolio/48-cavity-preform-mould-for-pco1810-neck/index.html]
[www.megamachinery.com/portfolio/48-cavity-preform-mould-for-30-25-neck-finish/index.html]
[www.megamachinery.com/wp-content/uploads/2020/07/12-1.jpg]
[www.megamachinery.com/portfolio/72-cavity-preform-mould-for-30-25-neck-finish/index.html]
[www.megamachinery.com/wp-content/uploads/2021/01/26.jpg]
[www.megamachinery.com/products/pet-moulds/pet-preform-moulds/index.html]
[www.megamachinery.com/portfolio/72-cavity-preform-mould-for-pco-1810-neck-finish/index.html]
[www.megamachinery.com/wp-json/wp/v2/pages/4722.json]
[www.megamachinery.com/wp-json/oembed/1.0/embed20c6.json]
[www.megamachinery.com/wp-json/oembed/1.0/embed9799]
[www.megamachinery.com/wp-content/uploads/2020/07/17-1.jpg]
[www.megamachinery.com/portfolio/6-cavity-wide-mouth-preform-mould-for-80mm-neck-finish/index.html]
[www.megamachinery.com/portfolio/6-cavity-wide-mouth-preform-mould-for-63mm-neck-finish/index.html]
[www.megamachinery.com/portfolio/8-cavity-wide-mouth-preform-mould-for-110-mm-neck-finish/index.html]
[www.megamachinery.com/wp-content/uploads/2020/07/19-1.jpg]
[www.megamachinery.com/products/pet-moulds/wide-mouth-preform-moulds/index.html]
[www.megamachinery.com/wp-json/wp/v2/pages/4725.json]
[www.megamachinery.com/wp-json/oembed/1.0/embed892f.json]
[www.megamachinery.com/wp-json/oembed/1.0/embed124f]
[www.megamachinery.com/wp-content/uploads/2020/07/15-1.jpg]
[www.megamachinery.com/wp-content/uploads/2020/07/14-1.jpg]
[www.megamachinery.com/products/pet-moulds/5-gallon-preform-moulds/index.html]
[www.megamachinery.com/portfolio/4-cavity-thick-wall-preform-mould/index.html]
[www.megamachinery.com/wp-json/wp/v2/pages/4729.json]
[www.megamachinery.com/wp-json/oembed/1.0/embed74e4.json]
[www.megamachinery.com/portfolio/5-gallon-preform-mould-for-one-way-using-5-gallon-pet-botte/index.html]
[www.megamachinery.com/portfolio/4-cavity-5-gallon-preform-mould-for-returnable-5-gallon-pet-bottles/index.html]
[www.megamachinery.com/wp-json/oembed/1.0/embed708d]
[www.megamachinery.com/wp-content/uploads/2020/07/21-1.jpg]
[www.megamachinery.com/portfolio/8-cavity-edible-oil-closure-mould/index.html]
[www.megamachinery.com/wp-content/uploads/2020/07/20-1.jpg]
[www.megamachinery.com/portfolio/8-cavity-cap-mold-for-water-neck/index.html]
[www.megamachinery.com/wp-content/uploads/2020/07/22-1.jpg]
[www.megamachinery.com/portfolio/12-cavity-cap-mould/index.html]
[www.megamachinery.com/wp-content/uploads/2020/07/23-1.jpg]
[www.megamachinery.com/portfolio/16-cavity-cool-runner-cap-mould/index.html]
[www.megamachinery.com/wp-content/uploads/2020/07/24-1.jpg]
[www.megamachinery.com/products/pet-moulds/cap-and-closure-mould/index.html]
[www.megamachinery.com/portfolio/24-cavity-cap-mould/index.html]
[www.megamachinery.com/wp-json/oembed/1.0/embed3bca.json]
[www.megamachinery.com/portfolio/32-cavity-cap-mould/index.html]
[www.megamachinery.com/wp-json/oembed/1.0/embed1df7]
[www.megamachinery.com/wp-content/uploads/2020/07/27-27.jpg]
[www.megamachinery.com/wp-content/uploads/2020/07/a.jpg]
[www.megamachinery.com/wp-content/uploads/2020/07/d.jpg]
[www.megamachinery.com/wp-content/uploads/2020/07/b.jpg]
[www.megamachinery.com/wp-content/uploads/2020/07/e.jpg]
[www.megamachinery.com/wp-content/uploads/2020/07/c-1.jpg]
[www.megamachinery.com/wp-content/uploads/2020/07/f.jpg]
[www.megamachinery.com/wp-content/uploads/2020/07/2019-c-6-16-3.jpg]
[www.megamachinery.com/wp-content/uploads/2020/12/1113283798.jpg]
[www.megamachinery.com/wp-content/uploads/2020/12/1113298237.jpg]
[www.megamachinery.com/portfolio/pet-blow-mould/index.html]
[www.megamachinery.com/wp-json/wp/v2/pages/2180.json]
[www.megamachinery.com/wp-json/oembed/1.0/embedad1b.json]
[www.megamachinery.com/wp-json/oembed/1.0/embed8ddb]
[www.megamachinery.com/wp-content/uploads/2020/07/Filling-Packaging-Equipments.jpg]
[www.megamachinery.com/products/filling-packaging-equipments/index.html]
[www.megamachinery.com/wp-json/wp/v2/pages/2178.json]
[www.megamachinery.com/portfolio/filling-packaging-equipments/index.html]
[www.megamachinery.com/wp-json/oembed/1.0/embed353b.json]
[www.megamachinery.com/wp-json/oembed/1.0/embed5188]
[www.megamachinery.com/wp-content/uploads/2020/07/Cap-Lining-Machine-1.jpg]
[www.megamachinery.com/portfolio/cap-lining-machine/index.html]
[www.megamachinery.com/wp-content/uploads/2020/07/Cap-Slitting-Machine-1.jpg]
[www.megamachinery.com/products/equipments-for-caps/index.html]
[www.megamachinery.com/portfolio/cap-slitting-machine/index.html]
[www.megamachinery.com/wp-json/wp/v2/pages/2176.json]
[www.megamachinery.com/wp-json/oembed/1.0/embedeb9f.json]
[www.megamachinery.com/wp-json/oembed/1.0/embedb915]
[www.megamachinery.com/wp-content/uploads/2020/12/Air-Compressor-1-1.jpg]
[www.megamachinery.com/wp-content/uploads/2020/12/Air-Dryer-1.jpg]
[www.megamachinery.com/portfolio/air-compressor/index.html]
[www.megamachinery.com/portfolio/air-dryer/index.html]
[www.megamachinery.com/wp-content/uploads/2020/12/Air-Filter-1.jpg]
[www.megamachinery.com/portfolio/air-filter/index.html]
[www.megamachinery.com/wp-content/uploads/2020/07/Water-Chiller-1.jpg]
[www.megamachinery.com/portfolio/water-chiller/index.html]
[www.megamachinery.com/wp-content/uploads/2020/12/Autoloader-1.jpg]
[www.megamachinery.com/portfolio/autoloader/index.html]
[www.megamachinery.com/wp-content/uploads/2020/12/Hopper-Dryer-1.jpg]
[www.megamachinery.com/portfolio/hopper-dryer/index.html]
[www.megamachinery.com/wp-content/uploads/2020/12/Cooling-Tower-1.jpg]
[www.megamachinery.com/wp-content/uploads/2020/07/Mixer-1.jpg]
[www.megamachinery.com/portfolio/granulator/index.html]
[www.megamachinery.com/products/auxiliary-equipments/index.html]
[www.megamachinery.com/portfolio/cooling-tower/index.html]
[www.megamachinery.com/portfolio/mixer/index.html]
[www.megamachinery.com/wp-json/wp/v2/pages/4771.json]
[www.megamachinery.com/wp-json/oembed/1.0/embedb6ee.json]
[www.megamachinery.com/wp-json/oembed/1.0/embedaf5b]
[www.megamachinery.com/wp-content/uploads/2021/01/厚壁PET瓶胚-2.jpg]
[www.megamachinery.com/pet-preforms/index.html]
[www.megamachinery.com/wp-json/wp/v2/pages/2677.json]
[www.megamachinery.com/wp-json/oembed/1.0/embed465a.json]
[www.megamachinery.com/wp-json/oembed/1.0/embedfb69]
[www.megamachinery.com/wp-content/uploads/2021/01/banner-102-270bf.jpg]
[www.megamachinery.com/wp-content/uploads/2021/01/banner-103-2.jpg]
[www.megamachinery.com/wp-content/uploads/2021/01/PET02.jpg]
[www.megamachinery.com/wp-content/uploads/2020/12/500X500solotion_fp_x5.jpg]
[www.megamachinery.com/wp-content/uploads/2020/12/医药级别BOPP输液瓶500x500.jpg]
[www.megamachinery.com/solution/pharmaceutical-iv-bottle/index.html]
[www.megamachinery.com/wp-content/uploads/2020/12/500X500solotion_fp_x10m.jpg]
[www.megamachinery.com/solution/oval-shaped-bottles/index.html]
[www.megamachinery.com/wp-content/uploads/2020/12/带手柄PET瓶500x500.jpg]
[www.megamachinery.com/wp-content/uploads/2020/12/500X500solotion_fp_x1.jpg]
[www.megamachinery.com/wp-content/uploads/2020/12/大容量PET桶500x500.jpg]
[www.megamachinery.com/wp-content/uploads/2020/12/10740_large.jpg]
[www.megamachinery.com/solution/loading-system-for-none-nsr-preform/index.html]
[www.megamachinery.com/wp-content/uploads/2020/12/多层阻隔瓶500x500-1.jpg]
[www.megamachinery.com/solution/multi-layer-barrier-pet-bottle/index.html]
[www.megamachinery.com/wp-content/uploads/2020/12/500X500solotion_fp_x8d.jpg]
[www.megamachinery.com/solution/pet-can/index.html]
[www.megamachinery.com/wp-content/uploads/2020/12/500X500solotion_fp_x3.jpg]
[www.megamachinery.com/solution/extrusion-blow-molded-containers-with-view-strip/index.html]
[www.megamachinery.com/wp-content/uploads/2020/12/多层共挤阻隔瓶500x500.jpg]
[www.megamachinery.com/solution/index.html]
[www.megamachinery.com/wp-json/wp/v2/pages/1266.json]
[www.megamachinery.com/wp-json/oembed/1.0/embed80e7.json]
[www.megamachinery.com/wp-json/oembed/1.0/embeddc32]
[www.megamachinery.com/wp-content/uploads/2021/01/d.jpg]
[www.megamachinery.com/wp-content/uploads/2020/07/MG-S250L-300x240.jpg]
[www.megamachinery.com/2024/09/index.html]
[www.megamachinery.com/wp-content/uploads/2020/07/MG-SL-1-300x240.jpg]
[www.megamachinery.com/wp-content/uploads/2020/07/MG-PC25L-300x240.jpg]
[www.megamachinery.com/wp-content/uploads/2020/07/MG-S-1-300x240.jpg]
[www.megamachinery.com/wp-content/uploads/2020/07/Mixer-1-300x240.jpg]
[www.megamachinery.com/wp-content/uploads/2020/07/Granulator-1-300x240.jpg]
[www.megamachinery.com/wp-content/uploads/2020/07/Cooling-Tower-1-300x240.jpg]
[www.megamachinery.com/wp-content/plugins/js_composer/assets/lib/vendor/node_modules/masonry-layout/dist/masonry.pkgd.min7035.js]
[www.megamachinery.com/wp-content/plugins/js_composer/assets/lib/vendor/owl-carousel2-dist/owl.carousel.min7035.js]
[www.megamachinery.com/news/index.html]
[www.megamachinery.com/wp-json/wp/v2/pages/2193.json]
[www.megamachinery.com/wp-json/oembed/1.0/embed6b4f.json]
[www.megamachinery.com/wp-json/oembed/1.0/embed231d]
[www.megamachinery.com/wp-content/uploads/2021/01/for-social-engineering-header-image-r1-v1.png]
[www.megamachinery.com/wp-content/uploads/2020/12/contact-usx1.jpg]
[www.megamachinery.com/wp-content/uploads/2020/12/contact-usx2.jpg]
[www.megamachinery.com/wp-content/uploads/2020/12/contact-usx3.jpg]
[www.megamachinery.com/wp-content/uploads/2020/12/contact-usx4.jpg]
[www.megamachinery.com/wp-content/uploads/2020/12/contact-usx5.jpg]
[www.megamachinery.com/support/index.html]
[www.megamachinery.com/wp-json/wp/v2/pages/1375.json]
[www.megamachinery.com/wp-json/oembed/1.0/embedb461.json]
[www.megamachinery.com/wp-json/oembed/1.0/embedd7ed]
[www.megamachinery.com/wp-content/plugins/js_composer/assets/lib/vc/vc_accordion/vc-accordion.min7035.js]
[www.megamachinery.com/wp-content/plugins/js_composer/assets/lib/vc/vc-tta-autoplay/vc-tta-autoplay.min7035.js]
[www.megamachinery.com/wp-content/plugins/js_composer/assets/lib/vc/vc_tabs/vc-tabs.min7035.js]
[www.megamachinery.com/faq/index.html]
[www.megamachinery.com/wp-json/wp/v2/pages/2196.json]
[www.megamachinery.com/wp-json/oembed/1.0/embeddee1.json]
[www.megamachinery.com/wp-json/oembed/1.0/embed92e2]
[www.megamachinery.com/downloads/index.html]
[www.megamachinery.com/wp-json/wp/v2/pages/1482.json]
[www.megamachinery.com/wp-json/oembed/1.0/embed3aa6.json]
[www.megamachinery.com/wp-json/oembed/1.0/embeddf8b]
[www.megamachinery.com/wp-content/uploads/2021/01/inner_banner19-1.jpg]
[www.megamachinery.com/wp-content/uploads/2021/11/微信图片_202111111026102.jpg]
[www.megamachinery.com/wp-content/uploads/2020/12/aboutmega_e4.jpg]
[www.megamachinery.com/contact-us/hymega@gmail.1a4.delayed]
[www.megamachinery.com/contact-us/index.html]
[www.megamachinery.com/wp-json/wp/v2/pages/1353.json]
[www.megamachinery.com/wp-json/oembed/1.0/embedf2ba.json]
[www.megamachinery.com/wp-json/oembed/1.0/embed12dc]
[www.megamachinery.com/wp-content/uploads/2021/01/inner_banner11-1.jpg]
[www.megamachinery.com/wp-content/uploads/2020/12/1920-1080_n2.jpg]
[www.megamachinery.com/wp-content/uploads/2020/12/750x600mediafp_x1-1.jpg]
[www.megamachinery.com/wp-content/uploads/2020/12/750x600mediafp_x2.jpg]
[www.megamachinery.com/gallery/blow-moulding-machine-media/index.html]
[www.megamachinery.com/wp-content/uploads/2020/12/750x600mediafp_x3.jpg]
[www.megamachinery.com/gallery/moulds-for-blow-moulding-machine/index.html]
[www.megamachinery.com/wp-content/uploads/2020/12/MG-1-1.jpg]
[www.megamachinery.com/gallery/injection-machine-media/index.html]
[www.megamachinery.com/wp-content/uploads/2020/12/750x600mediafp_x4.jpg]
[www.megamachinery.com/gallery/injection-moulds-media/index.html]
[www.megamachinery.com/wp-content/uploads/2020/12/750x600mediafp_x5.jpg]
[www.megamachinery.com/wp-content/uploads/2020/12/750x600mediafp_x6.jpg]
[www.megamachinery.com/gallery/other-products-media/index.html]
[www.megamachinery.com/wp-content/uploads/2020/12/750x600mediafp_x8.jpg]
[www.megamachinery.com/gallery/index.html]
[www.megamachinery.com/wp-json/wp/v2/pages/3653.json]
[www.megamachinery.com/wp-json/oembed/1.0/embed5fdb.json]
[www.megamachinery.com/wp-json/oembed/1.0/embed01d3]
[www.megamachinery.com/wp-content/uploads/2022/07/gallery_lib_2x12.jpg]
[www.megamachinery.com/wp-content/uploads/2022/07/gallery_lib_2x11.jpg]
[www.megamachinery.com/wp-content/uploads/2022/07/gallery_lib_2x10.jpg]
[www.megamachinery.com/wp-content/uploads/2022/07/gallery_lib_2x9.jpg]
[www.megamachinery.com/wp-content/uploads/2022/07/gallery_lib_2x8.jpg]
[www.megamachinery.com/wp-content/uploads/2022/07/gallery_lib_2x7.jpg]
[www.megamachinery.com/wp-content/uploads/2022/07/gallery_lib_2x6.jpg]
[www.megamachinery.com/wp-content/uploads/2022/07/gallery_lib_2x5.jpg]
[www.megamachinery.com/wp-content/uploads/2022/07/gallery_lib_2x4.jpg]
[www.megamachinery.com/wp-content/uploads/2022/07/gallery_lib_x47.jpg]
[www.megamachinery.com/wp-content/uploads/2022/07/gallery_lib_x46.jpg]
[www.megamachinery.com/wp-content/uploads/2022/07/gallery_lib_x54.jpg]
[www.megamachinery.com/wp-content/uploads/2022/07/gallery_lib_x42.jpg]
[www.megamachinery.com/wp-content/uploads/2022/07/gallery_lib_x34.jpg]
[www.megamachinery.com/wp-content/uploads/2022/07/gallery_lib_x33.jpg]
[www.megamachinery.com/wp-content/uploads/2022/07/gallery_lib_x31.jpg]
[www.megamachinery.com/wp-content/uploads/2022/07/gallery_lib_x30.jpg]
[www.megamachinery.com/wp-content/uploads/2022/07/gallery_lib_x29.jpg]
[www.megamachinery.com/wp-content/uploads/2022/07/gallery_lib_x28.jpg]
[www.megamachinery.com/wp-content/uploads/2022/07/gallery_lib_x27.jpg]
[www.megamachinery.com/wp-content/uploads/2022/07/gallery_lib_x26.jpg]
[www.megamachinery.com/wp-content/uploads/2022/07/gallery_lib_x25.jpg]
[www.megamachinery.com/wp-content/uploads/2022/07/gallery_lib_x24.jpg]
[www.megamachinery.com/wp-content/uploads/2022/07/gallery_lib_x21.jpg]
[www.megamachinery.com/wp-content/uploads/2022/07/gallery_lib_x20.jpg]
[www.megamachinery.com/wp-content/uploads/2022/07/gallery_lib_x19.jpg]
[www.megamachinery.com/wp-content/uploads/2022/07/gallery_lib_x18.jpg]
[www.megamachinery.com/wp-content/uploads/2022/07/gallery_lib_x17.jpg]
[www.megamachinery.com/wp-content/uploads/2022/07/gallery_lib_x16.jpg]
[www.megamachinery.com/wp-content/uploads/2022/07/gallery_lib_x15.jpg]
[www.megamachinery.com/wp-content/uploads/2022/07/gallery_lib_x14.jpg]
[www.megamachinery.com/wp-content/uploads/2022/07/gallery_lib_x13.jpg]
[www.megamachinery.com/wp-content/uploads/2022/07/gallery_lib_x12.jpg]
[www.megamachinery.com/wp-content/uploads/2022/07/gallery_lib_x11.jpg]
[www.megamachinery.com/wp-content/uploads/2022/07/gallery_lib_x10.jpg]
[www.megamachinery.com/wp-content/uploads/2022/07/gallery_lib_x9.jpg]
[www.megamachinery.com/wp-content/uploads/2022/07/gallery_lib_x8.jpg]
[www.megamachinery.com/wp-content/uploads/2022/07/gallery_lib_x7.jpg]
[www.megamachinery.com/wp-content/uploads/2022/07/gallery_lib_x5.jpg]
[www.megamachinery.com/wp-content/uploads/2022/07/gallery_lib_x4.jpg]
[www.megamachinery.com/wp-content/uploads/2022/07/gallery_lib_x3.jpg]
[www.megamachinery.com/wp-content/uploads/2022/07/gallery_lib_x2.jpg]
[www.megamachinery.com/wp-content/uploads/2022/07/gallery_lib_x1.jpg]
[www.megamachinery.com/wp-content/uploads/2021/11/微信图片_20211116075445.jpg]
[www.megamachinery.com/wp-content/uploads/2022/07/gallery_lib_2x21.jpg]
[www.megamachinery.com/gallery/blowing-products-media-bottles/index.html]
[www.megamachinery.com/wp-json/wp/v2/pages/3646.json]
[www.megamachinery.com/wp-json/oembed/1.0/embed7d59.json]
[www.megamachinery.com/wp-json/oembed/1.0/embed935a]
[www.megamachinery.com/wp-content/uploads/2022/07/gallery_lib_2x3.jpg]
[www.megamachinery.com/wp-content/uploads/2022/07/gallery_lib_2x1.jpg]
[www.megamachinery.com/wp-content/uploads/2022/07/gallery_lib_x57.jpg]
[www.megamachinery.com/wp-content/uploads/2022/07/gallery_lib_x56.jpg]
[www.megamachinery.com/wp-content/uploads/2022/07/gallery_lib_x58.jpg]
[www.megamachinery.com/wp-content/uploads/2022/07/gallery_lib_x55.jpg]
[www.megamachinery.com/wp-content/uploads/2022/07/gallery_lib_x52.jpg]
[www.megamachinery.com/wp-content/uploads/2022/07/gallery_lib_x53.jpg]
[www.megamachinery.com/wp-content/uploads/2022/07/gallery_lib_x51.jpg]
[www.megamachinery.com/wp-content/uploads/2022/07/gallery_lib_x50.jpg]
[www.megamachinery.com/wp-content/uploads/2022/07/gallery_lib_x49.jpg]
[www.megamachinery.com/wp-content/uploads/2022/07/gallery_lib_x48.jpg]
[www.megamachinery.com/wp-content/uploads/2022/07/gallery_lib_x43.jpg]
[www.megamachinery.com/wp-content/uploads/2022/07/gallery_lib_x45.jpg]
[www.megamachinery.com/wp-content/uploads/2022/07/gallery_lib_x44.jpg]
[www.megamachinery.com/wp-content/uploads/2022/07/gallery_lib_x41.jpg]
[www.megamachinery.com/wp-content/uploads/2022/07/gallery_lib_x40.jpg]
[www.megamachinery.com/wp-content/uploads/2022/07/gallery_lib_x39.jpg]
[www.megamachinery.com/wp-content/uploads/2022/07/gallery_lib_x38.jpg]
[www.megamachinery.com/wp-content/uploads/2022/07/gallery_lib_x37.jpg]
[www.megamachinery.com/wp-content/uploads/2022/07/gallery_lib_x36.jpg]
[www.megamachinery.com/wp-content/uploads/2022/07/gallery_lib_x35.jpg]
[www.megamachinery.com/wp-content/uploads/2022/07/gallery_lib_x32.jpg]
[www.megamachinery.com/wp-content/uploads/2022/07/gallery_lib_2x22.jpg]
[www.megamachinery.com/wp-content/uploads/2022/07/gallery_lib_2x19.jpg]
[www.megamachinery.com/wp-content/uploads/2022/07/gallery_lib_2x18.jpg]
[www.megamachinery.com/wp-content/uploads/2022/07/gallery_lib_2x20.jpg]
[www.megamachinery.com/wp-content/uploads/2022/07/gallery_lib_2x17.jpg]
[www.megamachinery.com/wp-content/uploads/2022/07/gallery_lib_2x16.jpg]
[www.megamachinery.com/wp-content/uploads/2022/07/gallery_lib_2x15.jpg]
[www.megamachinery.com/wp-content/uploads/2022/07/gallery_lib_2x14.jpg]
[www.megamachinery.com/gallery/injection-moulding-products/index.html]
[www.megamachinery.com/wp-json/wp/v2/pages/3659.json]
[www.megamachinery.com/wp-json/oembed/1.0/embed73ef.json]
[www.megamachinery.com/wp-json/oembed/1.0/embed9692]
[www.megamachinery.com/wp-content/uploads/2021/01/portfolio_06.jpg]
[www.megamachinery.com/wp-content/uploads/2021/01/post_05-1280x853-1.jpg]
[www.megamachinery.com/wp-content/uploads/2021/01/post_12-1280x853-1.jpg]
[www.megamachinery.com/wp-content/uploads/2021/01/4n.jpg]
[www.megamachinery.com/wp-content/uploads/2021/01/4f.jpg]
[www.megamachinery.com/gallery/our-clients/index.html]
[www.megamachinery.com/wp-json/wp/v2/pages/3661.json]
[www.megamachinery.com/wp-json/oembed/1.0/embedf32f.json]
[www.megamachinery.com/wp-json/oembed/1.0/embedde27]
[www.megamachinery.com/wp-content/uploads/2020/07/gallerys_x4.jpg]
[www.megamachinery.com/wp-content/uploads/2020/07/gallerys_x3.jpg]
[www.megamachinery.com/wp-content/uploads/2020/07/gallerys_x1.jpg]
[www.megamachinery.com/gallery/mega-machinery-daily/index.html]
[www.megamachinery.com/wp-json/wp/v2/pages/2704.json]
[www.megamachinery.com/wp-json/oembed/1.0/embedf839.json]
[www.megamachinery.com/wp-json/oembed/1.0/embeda604]
[www.megamachinery.com/wp-content/uploads/2020/12/带手柄PET瓶.jpg]
[www.megamachinery.com/solution/pet-bottles-with-the-handle/index.html]
[www.megamachinery.com/wp-json/wp/v2/pages/2679.json]
[www.megamachinery.com/wp-json/oembed/1.0/embede4ec.json]
[www.megamachinery.com/wp-json/oembed/1.0/embedacb5]
[www.megamachinery.com/wp-content/uploads/2020/12/Wide-Mouth-Containers1.jpg]
[www.megamachinery.com/wp-content/uploads/2020/12/Wide-Mouth-Containers2.jpg]
[www.megamachinery.com/solution/wide-mouth-containers-jar/index.html]
[www.megamachinery.com/wp-json/wp/v2/pages/2664.json]
[www.megamachinery.com/wp-json/oembed/1.0/embed2940.json]
[www.megamachinery.com/wp-json/oembed/1.0/embed5110]
[www.megamachinery.com/wp-content/uploads/2020/12/PET-热灌装瓶.jpg]
[www.megamachinery.com/wp-content/uploads/2020/12/hot2.jpg]
[www.megamachinery.com/solution/hot-fill-pet-bottles/index.html]
[www.megamachinery.com/wp-json/wp/v2/pages/2686.json]
[www.megamachinery.com/wp-json/oembed/1.0/embed5f70.json]
[www.megamachinery.com/wp-json/oembed/1.0/embed61a3]
[www.megamachinery.com/wp-content/uploads/2020/12/大容量PET桶.jpg]
[www.megamachinery.com/wp-content/uploads/2020/12/大容量PET桶-1.jpg]
[www.megamachinery.com/solution/large-pet-container-5-gallon-pet-bottles/index.html]
[www.megamachinery.com/wp-json/wp/v2/pages/2698.json]
[www.megamachinery.com/wp-json/oembed/1.0/embed79f3.json]
[www.megamachinery.com/wp-json/oembed/1.0/embed8c46]
[www.megamachinery.com/wp-content/uploads/2020/12/多层共挤阻隔瓶.jpg]
[www.megamachinery.com/solution/multiple-layer-extrusion-blow-molded-container/index.html]
[www.megamachinery.com/wp-json/wp/v2/posts/5081.json]
[www.megamachinery.com/wp-json/oembed/1.0/embed9c32.json]
[www.megamachinery.com/wp-json/oembed/1.0/embed87ae]
[www.megamachinery.com/wp-content/uploads/2024/09/new26.jpg]
[www.megamachinery.com/wp-login.html]
[www.megamachinery.com/daily-maintenance-and-care-of-bottle-blowing-machine/index.html]
[www.megamachinery.com/category/news/index.html]
[www.megamachinery.com/2021/01/index.html]
[www.megamachinery.com/wp-json/wp/v2/posts/4823.json]
[www.megamachinery.com/category/uncategorized/index.html]
[www.megamachinery.com/wp-json/oembed/1.0/embed8fd7.json]
[www.megamachinery.com/wp-json/oembed/1.0/embed22dd]
[www.megamachinery.com/wp-content/uploads/2021/01/4nn.jpg]
[www.megamachinery.com/common-problems-and-solutions-in-pet-preform-production/index.html]
[www.megamachinery.com/wp-json/wp/v2/posts/4816.json]
[www.megamachinery.com/wp-json/oembed/1.0/embed7a82.json]
[www.megamachinery.com/wp-json/oembed/1.0/embed93ef]
[www.megamachinery.com/wp-content/uploads/2021/01/1banner-1024x576.jpg]
[www.megamachinery.com/wp-content/uploads/2021/01/塑料制品回收标识.png]
[www.megamachinery.com/plastic-product-recycling-mark/index.html]
[www.megamachinery.com/wp-json/wp/v2/posts/4810.json]
[www.megamachinery.com/wp-json/oembed/1.0/embed45ed.json]
[www.megamachinery.com/wp-json/oembed/1.0/embeda8ea]
[www.megamachinery.com/wp-content/uploads/2021/01/untitleddg-.bmp]
[www.megamachinery.com/application-of-pet-bottles-in-hot-filled-beverages/index.html]
[www.megamachinery.com/wp-json/wp/v2/posts/4798.json]
[www.megamachinery.com/wp-json/oembed/1.0/embeda23a.json]
[www.megamachinery.com/wp-json/oembed/1.0/embed7723]
[www.megamachinery.com/wp-content/uploads/2020/07/10.jpg]
[www.megamachinery.com/structure-and-working-principle-of-automatic-blow-molding-machine/index.html]
[www.megamachinery.com/wp-content/plugins/revslider/public/assets/fonts/font-awesome/fonts/fontawesome-webfont3e6e.eot]
[www.megamachinery.com/wp-content/plugins/revslider/public/assets/fonts/font-awesome/fonts/fontawesome-webfontd41d.eot]
[www.megamachinery.com/wp-content/plugins/revslider/public/assets/fonts/font-awesome/fonts/fontawesome-webfont3e6e.woff2]
[www.megamachinery.com/wp-content/plugins/revslider/public/assets/fonts/font-awesome/fonts/fontawesome-webfont3e6e.woff]
[www.megamachinery.com/wp-content/plugins/revslider/public/assets/fonts/font-awesome/fonts/fontawesome-webfont3e6e.ttf]
[www.megamachinery.com/wp-content/plugins/revslider/public/assets/fonts/font-awesome/css/font-awesome.css]
[www.megamachinery.com/wp-content/plugins/js_composer/assets/lib/vendor/node_modules/@fortawesome/fontawesome-free/css/v4-shims.min7035.css]
[www.megamachinery.com/wp-content/plugins/js_composer/assets/lib/vendor/node_modules/@fortawesome/fontawesome-free/webfonts/fa-brands-400.eot]
[www.megamachinery.com/wp-content/plugins/js_composer/assets/lib/vendor/node_modules/@fortawesome/fontawesome-free/webfonts/fa-brands-400d41d.eot]
[www.megamachinery.com/wp-content/plugins/js_composer/assets/lib/vendor/node_modules/@fortawesome/fontawesome-free/webfonts/fa-brands-400.woff2]
[www.megamachinery.com/wp-content/plugins/js_composer/assets/lib/vendor/node_modules/@fortawesome/fontawesome-free/webfonts/fa-brands-400.woff]
[www.megamachinery.com/wp-content/plugins/js_composer/assets/lib/vendor/node_modules/@fortawesome/fontawesome-free/webfonts/fa-brands-400.ttf]
[www.megamachinery.com/wp-content/plugins/js_composer/assets/lib/vendor/node_modules/@fortawesome/fontawesome-free/webfonts/fa-regular-400.eot]
[www.megamachinery.com/wp-content/plugins/js_composer/assets/lib/vendor/node_modules/@fortawesome/fontawesome-free/webfonts/fa-regular-400d41d.eot]
[www.megamachinery.com/wp-content/plugins/js_composer/assets/lib/vendor/node_modules/@fortawesome/fontawesome-free/webfonts/fa-regular-400.woff2]
[www.megamachinery.com/wp-content/plugins/js_composer/assets/lib/vendor/node_modules/@fortawesome/fontawesome-free/webfonts/fa-regular-400.woff]
[www.megamachinery.com/wp-content/plugins/js_composer/assets/lib/vendor/node_modules/@fortawesome/fontawesome-free/webfonts/fa-regular-400.ttf]
[www.megamachinery.com/wp-content/plugins/js_composer/assets/lib/vendor/node_modules/@fortawesome/fontawesome-free/webfonts/fa-solid-900.eot]
[www.megamachinery.com/wp-content/plugins/js_composer/assets/lib/vendor/node_modules/@fortawesome/fontawesome-free/webfonts/fa-solid-900d41d.eot]
[www.megamachinery.com/wp-content/plugins/js_composer/assets/lib/vendor/node_modules/@fortawesome/fontawesome-free/webfonts/fa-solid-900.woff2]
[www.megamachinery.com/wp-content/plugins/js_composer/assets/lib/vendor/node_modules/@fortawesome/fontawesome-free/webfonts/fa-solid-900.woff]
[www.megamachinery.com/wp-content/plugins/js_composer/assets/lib/vendor/node_modules/@fortawesome/fontawesome-free/webfonts/fa-solid-900.ttf]
[www.megamachinery.com/wp-content/plugins/js_composer/assets/lib/vendor/node_modules/@fortawesome/fontawesome-free/css/all.min7035.css]
[www.megamachinery.com/wp-content/plugins/js_composer/assets/lib/vendor/node_modules/animate.css/animate.min7035.css]
[www.megamachinery.com/wp-content/plugins/revslider/public/assets/fonts/revicons/revicons90c6.svg]
[www.megamachinery.com/wp-content/plugins/revslider/public/assets/css/openhand.html]
[www.megamachinery.com/wp-content/plugins/revslider/public/assets/css/closedhand.html]
[www.megamachinery.com/wp-content/themes/industrial/webfonts/fa-brands-400.svg]
[www.megamachinery.com/wp-content/themes/industrial/webfonts/fa-regular-400.svg]
[www.megamachinery.com/wp-content/themes/industrial/webfonts/fa-solid-900.svg]
[www.megamachinery.com/wp-content/themes/industrial/css/boxed/pattern-10.html]
[www.megamachinery.com/wp-content/plugins/js_composer/assets/fonts/vc_icons_v3/fonts/vcpb-plugin-iconscd4b.svg]
[www.megamachinery.com/wp-content/plugins/js_composer/assets/fonts/vc_grid/vc_grid_v157a1.svg]
[www.megamachinery.com/index66f5.html]
[www.megamachinery.com/about-us-2/index.html]
[www.megamachinery.com/wp-content/plugins/js_composer/assets/lib/vendor/node_modules/lightbox2/dist/images/loading.gif]
[www.megamachinery.com/wp-content/plugins/js_composer/assets/lib/vendor/node_modules/lightbox2/dist/css/lightbox.min7035.css]
[www.megamachinery.com/index2bd5.html]
[www.megamachinery.com/projects/automatic-stretch-blow-molding-machines/index.html]
[www.megamachinery.com/projects/semi-automatic-blow-moulding-machines/index.html]
[www.megamachinery.com/projects/extrusion-blow-molding-machines/index.html]
[www.megamachinery.com/projects/filling-packaging-equipments/index.html]
[www.megamachinery.com/projects/injection-molding-machine/index.html]
[www.megamachinery.com/projects/equipments-for-caps/index.html]
[www.megamachinery.com/projects/auxiliary-equipments/index.html]
[www.megamachinery.com/indexfe0d.html]
[www.megamachinery.com/wp-json/oembed/1.0/embed4ef2.json]
[www.megamachinery.com/wp-json/oembed/1.0/embed7de9]
[www.megamachinery.com/wp-content/uploads/2020/07/00.jpg]
[www.megamachinery.com/wp-content/uploads/2020/07/01.jpg]
[www.megamachinery.com/wp-content/uploads/2020/07/02.jpg]
[www.megamachinery.com/wp-content/uploads/2020/07/03.jpg]
[www.megamachinery.com/wp-content/uploads/2020/07/04.jpg]
[www.megamachinery.com/wp-content/uploads/2020/07/07.jpg]
[www.megamachinery.com/wp-content/uploads/2020/07/05.jpg]
[www.megamachinery.com/wp-content/uploads/2020/07/08.jpg]
[www.megamachinery.com/wp-content/uploads/2020/07/06.jpg]
[www.megamachinery.com/wp-content/uploads/2020/07/09.jpg]
[www.megamachinery.com/portfolio/rotary-blow-moulding-machines/index.html]
[www.megamachinery.com/wp-json/oembed/1.0/embed0068.json]
[www.megamachinery.com/wp-json/oembed/1.0/embed2d3e]
[www.megamachinery.com/wp-content/uploads/2020/07/11.jpg]
[www.megamachinery.com/wp-content/uploads/2020/07/12.jpg]
[www.megamachinery.com/wp-content/uploads/2020/07/13.jpg]
[www.megamachinery.com/wp-content/uploads/2020/07/14.jpg]
[www.megamachinery.com/wp-content/uploads/2020/07/17.jpg]
[www.megamachinery.com/wp-content/uploads/2020/07/15.jpg]
[www.megamachinery.com/wp-content/uploads/2020/07/18.jpg]
[www.megamachinery.com/wp-content/uploads/2020/07/16.jpg]
[www.megamachinery.com/wp-content/uploads/2020/07/19.jpg]
[www.megamachinery.com/portfolio/electric-stretch-blow-moulding-machines/index.html]
[www.megamachinery.com/wp-json/oembed/1.0/embed418d.json]
[www.megamachinery.com/wp-json/oembed/1.0/embedc747]
[www.megamachinery.com/wp-content/uploads/2020/07/30.jpg]
[www.megamachinery.com/wp-content/uploads/2020/07/21.jpg]
[www.megamachinery.com/wp-content/uploads/2020/07/22.jpg]
[www.megamachinery.com/wp-content/uploads/2020/07/23.jpg]
[www.megamachinery.com/wp-content/uploads/2020/07/24.jpg]
[www.megamachinery.com/wp-content/uploads/2020/07/27.jpg]
[www.megamachinery.com/wp-content/uploads/2020/07/25.jpg]
[www.megamachinery.com/wp-content/uploads/2020/07/28.jpg]
[www.megamachinery.com/wp-content/uploads/2020/07/26.jpg]
[www.megamachinery.com/wp-content/uploads/2020/07/29.jpg]
[www.megamachinery.com/portfolio/economical-blow-moulding-machines/index.html]
[www.megamachinery.com/wp-json/oembed/1.0/embed1b64.json]
[www.megamachinery.com/wp-json/oembed/1.0/embed6b1d]
[www.megamachinery.com/wp-content/uploads/2020/07/31.jpg]
[www.megamachinery.com/wp-content/uploads/2020/07/32.jpg]
[www.megamachinery.com/wp-content/uploads/2020/07/33.jpg]
[www.megamachinery.com/wp-content/uploads/2020/07/34.jpg]
[www.megamachinery.com/wp-content/uploads/2020/07/35.jpg]
[www.megamachinery.com/wp-content/uploads/2020/07/36.jpg]
[www.megamachinery.com/wp-content/uploads/2020/07/39.jpg]
[www.megamachinery.com/wp-content/uploads/2020/07/37.jpg]
[www.megamachinery.com/wp-content/uploads/2020/07/40.jpg]
[www.megamachinery.com/wp-content/uploads/2020/07/38.jpg]
[www.megamachinery.com/wp-content/uploads/2020/07/41.jpg]
[www.megamachinery.com/portfolio/ss-series-automatic-blow-molding-machines/index.html]
[www.megamachinery.com/wp-json/oembed/1.0/embed968b.json]
[www.megamachinery.com/wp-json/oembed/1.0/embed409d]
[www.megamachinery.com/wp-content/uploads/2021/03/MG-SS4500-1.jpg]
[www.megamachinery.com/wp-content/uploads/2021/03/机械手副本.jpg]
[www.megamachinery.com/wp-content/uploads/2021/03/烘道副本.jpg]
[www.megamachinery.com/wp-content/uploads/2021/03/开合模副本.jpg]
[www.megamachinery.com/wp-content/uploads/2021/03/1548092705.jpg]
[www.megamachinery.com/portfolio/ss-series-blow-moulding-machine-for-large-bottle/index.html]
[www.megamachinery.com/wp-json/oembed/1.0/embedaa0e.json]
[www.megamachinery.com/wp-json/oembed/1.0/embed3c35]
[www.megamachinery.com/wp-content/uploads/2020/12/MG-SS2W-1.jpg]
[www.megamachinery.com/wp-content/uploads/2020/12/201173132413473.jpg]
[www.megamachinery.com/wp-content/uploads/2020/12/广口.jpg]
[www.megamachinery.com/portfolio/mg-ss2w-blow-moulding-machine-for-pet-can/index.html]
[www.megamachinery.com/wp-json/oembed/1.0/embed9ba7.json]
[www.megamachinery.com/wp-json/oembed/1.0/embed76aa]
[www.megamachinery.com/wp-content/uploads/2020/07/42.jpg]
[www.megamachinery.com/wp-content/uploads/2020/07/43.jpg]
[www.megamachinery.com/wp-content/uploads/2020/07/44.jpg]
[www.megamachinery.com/wp-content/uploads/2020/07/45.jpg]
[www.megamachinery.com/wp-content/uploads/2020/07/46.jpg]
[www.megamachinery.com/wp-content/uploads/2020/07/47.jpg]
[www.megamachinery.com/wp-content/uploads/2020/07/50.jpg]
[www.megamachinery.com/wp-content/uploads/2020/07/48.jpg]
[www.megamachinery.com/wp-content/uploads/2020/07/51.jpg]
[www.megamachinery.com/wp-content/uploads/2020/07/49.jpg]
[www.megamachinery.com/portfolio/5-gallon-pet-blow-moulding-machine-mg-120/index.html]
[www.megamachinery.com/wp-json/oembed/1.0/embedd22a.json]
[www.megamachinery.com/wp-json/oembed/1.0/embed9748]
[www.megamachinery.com/wp-content/uploads/2020/07/52.jpg]
[www.megamachinery.com/wp-content/uploads/2020/07/53.jpg]
[www.megamachinery.com/wp-content/uploads/2020/07/54.jpg]
[www.megamachinery.com/wp-content/uploads/2020/07/55.jpg]
[www.megamachinery.com/wp-content/uploads/2020/07/56.jpg]
[www.megamachinery.com/wp-content/uploads/2020/07/57.jpg]
[www.megamachinery.com/portfolio/mg-pp-sretch-blow-moulding-machine/index.html]
[www.megamachinery.com/wp-json/oembed/1.0/embedcd00.json]
[www.megamachinery.com/wp-json/oembed/1.0/embed0b1d]
[www.megamachinery.com/wp-content/uploads/2020/07/58.jpg]
[www.megamachinery.com/wp-content/uploads/2020/07/4n-2.jpg]
[www.megamachinery.com/wp-content/uploads/2020/07/6000n-2.jpg]
[www.megamachinery.com/portfolio/heat-resistance-stretch-blow-molding-machine/index.html]
[www.megamachinery.com/index4978.html]
[www.megamachinery.com/wp-json/oembed/1.0/embed64ed.json]
[www.megamachinery.com/wp-json/oembed/1.0/embed5585]
[www.megamachinery.com/wp-content/uploads/2020/07/59副本.jpg]
[www.megamachinery.com/wp-content/uploads/2020/07/60.jpg]
[www.megamachinery.com/portfolio/mg-sa-blow-moulding-machines/index.html]
[www.megamachinery.com/wp-json/oembed/1.0/embedc1c7.json]
[www.megamachinery.com/wp-json/oembed/1.0/embed3e88]
[www.megamachinery.com/wp-content/uploads/2020/07/61.jpg]
[www.megamachinery.com/wp-content/uploads/2020/07/62.jpg]
[www.megamachinery.com/wp-content/uploads/2020/07/63.jpg]
[www.megamachinery.com/wp-content/uploads/2020/07/64.jpg]
[www.megamachinery.com/wp-content/uploads/2020/07/65.jpg]
[www.megamachinery.com/wp-content/uploads/2020/07/68.jpg]
[www.megamachinery.com/wp-content/uploads/2020/07/71.jpg]
[www.megamachinery.com/wp-content/uploads/2020/07/66.jpg]
[www.megamachinery.com/wp-content/uploads/2020/07/69.jpg]
[www.megamachinery.com/wp-content/uploads/2020/07/67.jpg]
[www.megamachinery.com/wp-content/uploads/2020/07/70.jpg]
[www.megamachinery.com/portfolio/mg-880-semi-automatic-stretch-blow-moulding-machine/index.html]
[www.megamachinery.com/wp-json/oembed/1.0/embed07f6.json]
[www.megamachinery.com/wp-json/oembed/1.0/embed1812]
[www.megamachinery.com/wp-content/uploads/2020/07/72.jpg]
[www.megamachinery.com/portfolio/mg-900-semi-automatic-pet-blow-moulding-machine/index.html]
[www.megamachinery.com/wp-json/oembed/1.0/embed3379.json]
[www.megamachinery.com/wp-json/oembed/1.0/embed1c31]
[www.megamachinery.com/wp-content/uploads/2020/07/73.jpg]
[www.megamachinery.com/wp-content/uploads/2020/07/77.jpg]
[www.megamachinery.com/wp-content/uploads/2020/07/80.jpg]
[www.megamachinery.com/wp-content/uploads/2020/07/78.jpg]
[www.megamachinery.com/wp-content/uploads/2020/07/81.jpg]
[www.megamachinery.com/wp-content/uploads/2020/07/79.jpg]
[www.megamachinery.com/portfolio/mg-90-pet-blow-moulding-machine-for-large-pet-bottles/index.html]
[www.megamachinery.com/wp-json/oembed/1.0/embed0a15.json]
[www.megamachinery.com/wp-json/oembed/1.0/embed9945]
[www.megamachinery.com/wp-content/uploads/2020/07/75.jpg]
[www.megamachinery.com/wp-content/uploads/2020/07/76.jpg]
[www.megamachinery.com/portfolio/mg-jar700-semi-automatic-blow-moulding-machine/index.html]
[www.megamachinery.com/wp-json/oembed/1.0/embed9a3a.json]
[www.megamachinery.com/wp-json/oembed/1.0/embed4f90]
[www.megamachinery.com/wp-content/uploads/2020/07/74.jpg]
[www.megamachinery.com/portfolio/mg-sa2-m-l-semi-automatic-blow-moulding-machine/index.html]
[www.megamachinery.com/indexa50b.html]
[www.megamachinery.com/wp-json/oembed/1.0/embedd446.json]
[www.megamachinery.com/wp-json/oembed/1.0/embedaef2]
[www.megamachinery.com/wp-content/uploads/2020/07/83.jpg]
[www.megamachinery.com/wp-content/uploads/2020/12/0213099305.jpg]
[www.megamachinery.com/wp-content/uploads/2020/12/0213184128.jpg]
[www.megamachinery.com/wp-content/uploads/2020/12/0213247867.jpg]
[www.megamachinery.com/wp-content/uploads/2020/12/0213115208.jpg]
[www.megamachinery.com/wp-content/uploads/2020/12/0213282237.jpg]
[www.megamachinery.com/wp-content/uploads/2020/12/0223447320.jpg]
[www.megamachinery.com/wp-content/uploads/2020/12/0213136176.jpg]
[www.megamachinery.com/wp-content/uploads/2020/12/0213225259.jpg]
[www.megamachinery.com/wp-content/uploads/2020/12/0213308398.jpg]
[www.megamachinery.com/portfolio/mg-s-series-extrusion-blow-moulding-machine-single-station/index.html]
[www.megamachinery.com/wp-json/oembed/1.0/embedb073.json]
[www.megamachinery.com/wp-json/oembed/1.0/embed3413]
[www.megamachinery.com/wp-content/uploads/2020/07/82.jpg]
[www.megamachinery.com/wp-content/uploads/2020/12/0223333542.jpg]
[www.megamachinery.com/wp-content/uploads/2020/12/0223396966.jpg]
[www.megamachinery.com/wp-content/uploads/2020/12/0223484896.jpg]
[www.megamachinery.com/wp-content/uploads/2020/12/0223352383.jpg]
[www.megamachinery.com/wp-content/uploads/2020/12/0223507945.jpg]
[www.megamachinery.com/wp-content/uploads/2020/12/0223372498.jpg]
[www.megamachinery.com/wp-content/uploads/2020/12/0223465269.jpg]
[www.megamachinery.com/wp-content/uploads/2020/12/0223524331.jpg]
[www.megamachinery.com/portfolio/mg-d-series-extrusion-blow-moulding-machine-double-station/index.html]
[www.megamachinery.com/wp-json/oembed/1.0/embed625f.json]
[www.megamachinery.com/wp-json/oembed/1.0/embed5b00]
[www.megamachinery.com/wp-content/uploads/2020/07/86.jpg]
[www.megamachinery.com/wp-content/uploads/2020/12/0225145702.jpg]
[www.megamachinery.com/wp-content/uploads/2020/12/0225123874.jpg]
[www.megamachinery.com/wp-content/uploads/2020/12/0225103887.jpg]
[www.megamachinery.com/portfolio/mg-pc25l-extrusion-blow-moulding-machine/index.html]
[www.megamachinery.com/wp-json/oembed/1.0/embedf443.json]
[www.megamachinery.com/wp-json/oembed/1.0/embed2d7c]
[www.megamachinery.com/wp-content/uploads/2020/07/84.jpg]
[www.megamachinery.com/wp-content/uploads/2020/12/0228411445.jpg]
[www.megamachinery.com/wp-content/uploads/2020/12/0228436091.jpg]
[www.megamachinery.com/wp-content/uploads/2020/12/0228456720.jpg]
[www.megamachinery.com/portfolio/mg-sl-series-accumulator-head-extrusion-blow-moulding-machines/index.html]
[www.megamachinery.com/wp-json/oembed/1.0/embed21bf.json]
[www.megamachinery.com/wp-json/oembed/1.0/embedb989]
[www.megamachinery.com/wp-content/uploads/2020/07/85.jpg]
[www.megamachinery.com/wp-content/uploads/2020/07/111.jpg]
[www.megamachinery.com/wp-content/uploads/2020/07/112.jpg]
[www.megamachinery.com/wp-content/uploads/2020/07/113.jpg]
[www.megamachinery.com/portfolio/mg-s250l-extrusion-blow-moulding-machine/index.html]
[www.megamachinery.com/indexad76.html]
[www.megamachinery.com/wp-json/oembed/1.0/embed25f1.json]
[www.megamachinery.com/wp-json/oembed/1.0/embeddb9e]
[www.megamachinery.com/wp-content/uploads/2020/07/131.jpg]
[www.megamachinery.com/wp-content/uploads/2020/12/0233143662.jpg]
[www.megamachinery.com/wp-content/uploads/2020/12/0233169138.jpg]
[www.megamachinery.com/wp-content/uploads/2020/12/0233183991.jpg]
[www.megamachinery.com/wp-content/uploads/2020/12/0233209285.jpg]
[www.megamachinery.com/wp-content/uploads/2020/12/0233225634.jpg]
[www.megamachinery.com/wp-content/uploads/2020/12/mg168-1-1.jpg]
[www.megamachinery.com/wp-content/uploads/2020/12/mg168-2-1.jpg]
[www.megamachinery.com/wp-content/uploads/2020/12/mg168-3-1.jpg]
[www.megamachinery.com/wp-content/uploads/2020/07/MG-188PET-01.jpg]
[www.megamachinery.com/wp-content/uploads/2020/07/MG-188PET-02.jpg]
[www.megamachinery.com/wp-content/uploads/2020/07/MG-188PET-03.jpg]
[www.megamachinery.com/wp-content/uploads/2020/12/mg228-1-1.jpg]
[www.megamachinery.com/wp-content/uploads/2020/12/mg228-2-1.jpg]
[www.megamachinery.com/wp-content/uploads/2020/12/mg228-3-1.jpg]
[www.megamachinery.com/wp-content/uploads/2020/07/MG-268PET-01.jpg]
[www.megamachinery.com/wp-content/uploads/2020/07/MG-268PET-02.jpg]
[www.megamachinery.com/wp-content/uploads/2020/07/MG-268PET-03.jpg]
[www.megamachinery.com/wp-content/uploads/2020/07/MG-288PET-01.jpg]
[www.megamachinery.com/wp-content/uploads/2020/07/MG-288PET-02.jpg]
[www.megamachinery.com/wp-content/uploads/2020/07/MG-288PET-03.jpg]
[www.megamachinery.com/wp-content/uploads/2020/12/mg328t-1-1.jpg]
[www.megamachinery.com/wp-content/uploads/2020/12/mg328t-2-1.jpg]
[www.megamachinery.com/wp-content/uploads/2020/12/mg328t-3-1.jpg]
[www.megamachinery.com/wp-content/uploads/2020/12/mg368t-1.jpg]
[www.megamachinery.com/wp-content/uploads/2020/12/mg368t-2.jpg]
[www.megamachinery.com/wp-content/uploads/2020/12/mg368t-3.jpg]
[www.megamachinery.com/wp-content/uploads/2020/12/mg398-1.jpg]
[www.megamachinery.com/wp-content/uploads/2020/12/mg398-2.jpg]
[www.megamachinery.com/wp-content/uploads/2020/12/mg398-3.jpg]
[www.megamachinery.com/portfolio/pet-injection-moulding-machines/index.html]
[www.megamachinery.com/wp-json/oembed/1.0/embed3117.json]
[www.megamachinery.com/wp-json/oembed/1.0/embedb171]
[www.megamachinery.com/wp-content/uploads/2020/07/132.jpg]
[www.megamachinery.com/wp-content/uploads/2020/07/133.jpg]
[www.megamachinery.com/upload/2012/0308/0234222948.31e.delayed]
[www.megamachinery.com/wp-content/uploads/2020/07/134.jpg]
[www.megamachinery.com/wp-content/uploads/2020/07/135.jpg]
[www.megamachinery.com/upload/2012/0308/0234291741.322.delayed]
[www.megamachinery.com/wp-content/uploads/2020/07/136.jpg]
[www.megamachinery.com/wp-content/uploads/2020/07/137.jpg]
[www.megamachinery.com/upload/2012/0308/0234335241.326.delayed]
[www.megamachinery.com/wp-content/uploads/2020/12/mg96-1.jpg]
[www.megamachinery.com/wp-content/uploads/2020/12/mg96-2.jpg]
[www.megamachinery.com/wp-content/uploads/2020/12/mg96-3.jpg]
[www.megamachinery.com/wp-content/uploads/2020/12/mg120-1.jpg]
[www.megamachinery.com/wp-content/uploads/2020/12/mg120-2.jpg]
[www.megamachinery.com/wp-content/uploads/2020/12/mg120-3.jpg]
[www.megamachinery.com/wp-content/uploads/2020/12/mg139-1.jpg]
[www.megamachinery.com/wp-content/uploads/2020/12/mg139-2.jpg]
[www.megamachinery.com/wp-content/uploads/2020/12/mg139-3.jpg]
[www.megamachinery.com/wp-content/uploads/2020/12/mg168-2.jpg]
[www.megamachinery.com/wp-content/uploads/2020/12/mg168-3.jpg]
[www.megamachinery.com/wp-content/uploads/2020/12/mg188-1.jpg]
[www.megamachinery.com/wp-content/uploads/2020/07/MG-188T-02.jpg]
[www.megamachinery.com/wp-content/uploads/2020/07/MG-188T-03.jpg]
[www.megamachinery.com/wp-content/uploads/2020/12/mg228t-1.jpg]
[www.megamachinery.com/wp-content/uploads/2020/12/mg228t-2.jpg]
[www.megamachinery.com/wp-content/uploads/2020/12/mg228t-3.jpg]
[www.megamachinery.com/wp-content/uploads/2020/12/mg268t-1.jpg]
[www.megamachinery.com/wp-content/uploads/2020/12/mg268t-2.jpg]
[www.megamachinery.com/wp-content/uploads/2020/12/mg268t-3.jpg]
[www.megamachinery.com/wp-content/uploads/2020/07/MG-288T-01.jpg]
[www.megamachinery.com/wp-content/uploads/2020/07/MG-288T-02.jpg]
[www.megamachinery.com/wp-content/uploads/2020/07/MG-288T-03.jpg]
[www.megamachinery.com/portfolio/mg-series-injection-moulding-machines/index.html]
[www.megamachinery.com/wp-json/oembed/1.0/embed4ea3.json]
[www.megamachinery.com/wp-json/oembed/1.0/embed73cf]
[www.megamachinery.com/wp-content/uploads/2020/07/132-2.jpg]
[www.megamachinery.com/wp-content/uploads/2020/12/mg328t-1.jpg]
[www.megamachinery.com/wp-content/uploads/2020/12/mg328t-2.jpg]
[www.megamachinery.com/wp-content/uploads/2020/12/mg328t-3.jpg]
[www.megamachinery.com/wp-content/uploads/2020/12/mg398t-1.jpg]
[www.megamachinery.com/wp-content/uploads/2020/12/mg398t-2.jpg]
[www.megamachinery.com/wp-content/uploads/2020/12/mg398t-3.jpg]
[www.megamachinery.com/wp-content/uploads/2020/07/MG-528T-01.jpg]
[www.megamachinery.com/wp-content/uploads/2020/07/MG-528T-02.jpg]
[www.megamachinery.com/wp-content/uploads/2020/07/MG-528T-03.jpg]
[www.megamachinery.com/wp-content/uploads/2020/12/mg628t-1.jpg]
[www.megamachinery.com/wp-content/uploads/2020/12/mg628t-2.jpg]
[www.megamachinery.com/wp-content/uploads/2020/12/mg628t-3.jpg]
[www.megamachinery.com/wp-content/uploads/2020/12/mg738t-1.jpg]
[www.megamachinery.com/wp-content/uploads/2020/12/mg738t-2.jpg]
[www.megamachinery.com/wp-content/uploads/2020/12/mg738t-3.jpg]
[www.megamachinery.com/wp-content/uploads/2020/12/mg1080t-1.jpg]
[www.megamachinery.com/wp-content/uploads/2020/12/mg1080t-2.jpg]
[www.megamachinery.com/wp-content/uploads/2020/12/mg1080t-3.jpg]
[www.megamachinery.com/wp-content/uploads/2020/12/mg1250t-1.jpg]
[www.megamachinery.com/wp-content/uploads/2020/12/mg1250t-2.jpg]
[www.megamachinery.com/wp-content/uploads/2020/12/mg1250t-3.jpg]
[www.megamachinery.com/portfolio/mg-series-injection-moulding-machines-2/index.html]
[www.megamachinery.com/indexe939.html]
[www.megamachinery.com/indexc848.html]
[www.megamachinery.com/wp-json/oembed/1.0/embed9f57.json]
[www.megamachinery.com/wp-json/oembed/1.0/embed8691]
[www.megamachinery.com/wp-content/uploads/2020/07/1-1.jpg]
[www.megamachinery.com/portfolio/8-cavity-preform-mould-for-pco-1810-neck-finish/index.html]
[www.megamachinery.com/wp-json/oembed/1.0/embedb9cb.json]
[www.megamachinery.com/wp-json/oembed/1.0/embed01a7]
[www.megamachinery.com/wp-content/uploads/2020/07/02-22-1.jpg]
[www.megamachinery.com/portfolio/12-cavity-preform-mould-for-30-25-neck-finish/index.html]
[www.megamachinery.com/wp-json/oembed/1.0/embedb40b.json]
[www.megamachinery.com/wp-json/oembed/1.0/embed4126]
[www.megamachinery.com/wp-content/uploads/2020/07/03-3-1.jpg]
[www.megamachinery.com/portfolio/16-cavity-preform-mould-for-pco-1810-neck-finish/index.html]
[www.megamachinery.com/wp-json/oembed/1.0/embedaa9a.json]
[www.megamachinery.com/wp-json/oembed/1.0/embedff2c]
[www.megamachinery.com/wp-content/uploads/2020/07/04-4.jpg]
[www.megamachinery.com/portfolio/20-cavity-preform-mould-for-42mm-neck-finish/index.html]
[www.megamachinery.com/wp-json/oembed/1.0/embed25ec.json]
[www.megamachinery.com/wp-json/oembed/1.0/embed5ea7]
[www.megamachinery.com/wp-content/uploads/2020/07/05-5-2.jpg]
[www.megamachinery.com/portfolio/24-cavity-preform-mould-for-pco-1881-neck-finish/index.html]
[www.megamachinery.com/wp-json/oembed/1.0/embeddc86.json]
[www.megamachinery.com/wp-json/oembed/1.0/embedf634]
[www.megamachinery.com/wp-content/uploads/2020/07/06-6.jpg]
[www.megamachinery.com/portfolio/32-cavity-preform-mould-for-pco-1810-neck-finish/index.html]
[www.megamachinery.com/wp-json/oembed/1.0/embed43d1.json]
[www.megamachinery.com/wp-json/oembed/1.0/embed9617]
[www.megamachinery.com/wp-content/uploads/2020/12/07-7.jpg]
[www.megamachinery.com/portfolio/32-cavity-preform-mould-for-30-25-neck-finish/index.html]
[www.megamachinery.com/wp-json/oembed/1.0/embed8395.json]
[www.megamachinery.com/wp-json/oembed/1.0/embed7c5e]
[www.megamachinery.com/wp-content/uploads/2020/07/08-8.jpg]
[www.megamachinery.com/portfolio/32-cavity-preform-mould-for-38mm-neck-finish/index.html]
[www.megamachinery.com/wp-json/oembed/1.0/embed36fd.json]
[www.megamachinery.com/wp-json/oembed/1.0/embed5304]
[www.megamachinery.com/wp-content/uploads/2020/07/10-10-1.jpg]
[www.megamachinery.com/portfolio/48-cavity-preform-mould-for-pco1810-neck/index.html]
[www.megamachinery.com/wp-json/oembed/1.0/embed039b.json]
[www.megamachinery.com/wp-json/oembed/1.0/embed7b93]
[www.megamachinery.com/wp-content/uploads/2020/12/11-11.jpg]
[www.megamachinery.com/portfolio/48-cavity-preform-mould-for-30-25-neck-finish/index.html]
[www.megamachinery.com/wp-json/oembed/1.0/embed5cf4.json]
[www.megamachinery.com/wp-json/oembed/1.0/embed2ebb]
[www.megamachinery.com/wp-content/uploads/2020/07/12-12.jpg]
[www.megamachinery.com/portfolio/72-cavity-preform-mould-for-30-25-neck-finish/index.html]
[www.megamachinery.com/wp-json/oembed/1.0/embedee4d.json]
[www.megamachinery.com/wp-json/oembed/1.0/embed6867]
[www.megamachinery.com/wp-content/uploads/2020/07/26-266.jpg]
[www.megamachinery.com/portfolio/72-cavity-preform-mould-for-pco-1810-neck-finish/index.html]
[www.megamachinery.com/index007d.html]
[www.megamachinery.com/wp-json/oembed/1.0/embed0688.json]
[www.megamachinery.com/wp-json/oembed/1.0/embedd944]
[www.megamachinery.com/wp-content/uploads/2020/07/17-17.jpg]
[www.megamachinery.com/portfolio/6-cavity-wide-mouth-preform-mould-for-80mm-neck-finish/index.html]
[www.megamachinery.com/wp-json/oembed/1.0/embedacda.json]
[www.megamachinery.com/wp-json/oembed/1.0/embedd6e9]
[www.megamachinery.com/wp-content/uploads/2020/07/18-18.jpg]
[www.megamachinery.com/portfolio/6-cavity-wide-mouth-preform-mould-for-63mm-neck-finish/index.html]
[www.megamachinery.com/wp-json/oembed/1.0/embedfe8f.json]
[www.megamachinery.com/wp-json/oembed/1.0/embedde5b]
[www.megamachinery.com/wp-content/uploads/2020/07/19-19.jpg]
[www.megamachinery.com/portfolio/8-cavity-wide-mouth-preform-mould-for-110-mm-neck-finish/index.html]
[www.megamachinery.com/indexbab7.html]
[www.megamachinery.com/wp-json/oembed/1.0/embed5294.json]
[www.megamachinery.com/wp-json/oembed/1.0/embed2dca]
[www.megamachinery.com/wp-content/uploads/2020/07/15-15.jpg]
[www.megamachinery.com/portfolio/4-cavity-thick-wall-preform-mould/index.html]
[www.megamachinery.com/wp-json/oembed/1.0/embed4d8d.json]
[www.megamachinery.com/wp-json/oembed/1.0/embed7824]
[www.megamachinery.com/wp-content/uploads/2020/07/14-14.jpg]
[www.megamachinery.com/portfolio/5-gallon-preform-mould-for-one-way-using-5-gallon-pet-botte/index.html]
[www.megamachinery.com/wp-json/oembed/1.0/embed6cff.json]
[www.megamachinery.com/wp-json/oembed/1.0/embedee22]
[www.megamachinery.com/wp-content/uploads/2020/07/13-13-1.jpg]
[www.megamachinery.com/portfolio/4-cavity-5-gallon-preform-mould-for-returnable-5-gallon-pet-bottles/index.html]
[www.megamachinery.com/indexc367.html]
[www.megamachinery.com/wp-json/oembed/1.0/embed06f0.json]
[www.megamachinery.com/wp-json/oembed/1.0/embed5816]
[www.megamachinery.com/wp-content/uploads/2020/07/21-211-1.jpg]
[www.megamachinery.com/portfolio/8-cavity-edible-oil-closure-mould/index.html]
[www.megamachinery.com/wp-json/oembed/1.0/embedc6d7.json]
[www.megamachinery.com/wp-json/oembed/1.0/embed3606]
[www.megamachinery.com/wp-content/uploads/2020/07/20-20-1.jpg]
[www.megamachinery.com/portfolio/8-cavity-cap-mold-for-water-neck/index.html]
[www.megamachinery.com/wp-json/oembed/1.0/embed012b.json]
[www.megamachinery.com/wp-json/oembed/1.0/embed457c]
[www.megamachinery.com/wp-content/uploads/2020/07/22-22-1.jpg]
[www.megamachinery.com/portfolio/12-cavity-cap-mould/index.html]
[www.megamachinery.com/wp-json/oembed/1.0/embed35bd.json]
[www.megamachinery.com/wp-json/oembed/1.0/embed0fe6]
[www.megamachinery.com/wp-content/uploads/2020/07/23-23-1.jpg]
[www.megamachinery.com/portfolio/16-cavity-cool-runner-cap-mould/index.html]
[www.megamachinery.com/wp-json/oembed/1.0/embed300e.json]
[www.megamachinery.com/wp-json/oembed/1.0/embedc5e6]
[www.megamachinery.com/wp-content/uploads/2020/07/24-24-1.jpg]
[www.megamachinery.com/portfolio/24-cavity-cap-mould/index.html]
[www.megamachinery.com/wp-json/oembed/1.0/embedc588.json]
[www.megamachinery.com/wp-json/oembed/1.0/embed4b4e]
[www.megamachinery.com/wp-content/uploads/2020/07/25-25.jpg]
[www.megamachinery.com/portfolio/32-cavity-cap-mould/index.html]
[www.megamachinery.com/index9137.html]
[www.megamachinery.com/index8175.html]
[www.megamachinery.com/wp-json/oembed/1.0/embedd971.json]
[www.megamachinery.com/wp-json/oembed/1.0/embed7856]
[www.megamachinery.com/wp-content/uploads/2020/07/114副本.jpg]
[www.megamachinery.com/portfolio/filling-packaging-equipments/index.html]
[www.megamachinery.com/index330f.html]
[www.megamachinery.com/wp-json/oembed/1.0/embed54db.json]
[www.megamachinery.com/wp-json/oembed/1.0/embed119a]
[www.megamachinery.com/wp-content/uploads/2020/07/115.jpg]
[www.megamachinery.com/wp-content/uploads/2020/12/0257544081.jpg]
[www.megamachinery.com/wp-content/uploads/2020/12/0257568979.jpg]
[www.megamachinery.com/portfolio/cap-lining-machine/index.html]
[www.megamachinery.com/wp-json/oembed/1.0/embedf7ca.json]
[www.megamachinery.com/wp-json/oembed/1.0/embed4ea3]
[www.megamachinery.com/wp-content/uploads/2020/07/116.jpg]
[www.megamachinery.com/wp-content/uploads/2020/12/119.jpg]
[www.megamachinery.com/wp-content/uploads/2020/12/120.jpg]
[www.megamachinery.com/portfolio/cap-slitting-machine/index.html]
[www.megamachinery.com/index1d86.html]
[www.megamachinery.com/wp-json/oembed/1.0/embed9ed9.json]
[www.megamachinery.com/wp-json/oembed/1.0/embeddde7]
[www.megamachinery.com/wp-content/uploads/2020/12/0301002488.jpg]
[www.megamachinery.com/wp-content/uploads/2020/12/0301029937.jpg]
[www.megamachinery.com/portfolio/air-compressor/index.html]
[www.megamachinery.com/wp-json/oembed/1.0/embedcc2e.json]
[www.megamachinery.com/wp-json/oembed/1.0/embedf8d0]
[www.megamachinery.com/wp-content/uploads/2020/07/123.jpg]
[www.megamachinery.com/portfolio/air-dryer/index.html]
[www.megamachinery.com/wp-json/oembed/1.0/embed8b8c.json]
[www.megamachinery.com/wp-json/oembed/1.0/embed6404]
[www.megamachinery.com/wp-content/uploads/2020/07/124.jpg]
[www.megamachinery.com/portfolio/air-filter/index.html]
[www.megamachinery.com/wp-json/oembed/1.0/embed6c74.json]
[www.megamachinery.com/wp-json/oembed/1.0/embedf71b]
[www.megamachinery.com/wp-content/uploads/2020/07/125.jpg]
[www.megamachinery.com/portfolio/water-chiller/index.html]
[www.megamachinery.com/wp-json/oembed/1.0/embed75c3.json]
[www.megamachinery.com/wp-json/oembed/1.0/embed9c20]
[www.megamachinery.com/wp-content/uploads/2020/07/126.jpg]
[www.megamachinery.com/portfolio/autoloader/index.html]
[www.megamachinery.com/wp-json/oembed/1.0/embed7bda.json]
[www.megamachinery.com/wp-json/oembed/1.0/embed9c93]
[www.megamachinery.com/wp-content/uploads/2020/12/0305335985.gif]
[www.megamachinery.com/portfolio/hopper-dryer/index.html]
[www.megamachinery.com/wp-json/oembed/1.0/embed0c3e.json]
[www.megamachinery.com/wp-json/oembed/1.0/embed0762]
[www.megamachinery.com/wp-content/uploads/2020/07/127.jpg]
[www.megamachinery.com/portfolio/cooling-tower/index.html]
[www.megamachinery.com/wp-json/oembed/1.0/embed9813.json]
[www.megamachinery.com/wp-json/oembed/1.0/embedf334]
[www.megamachinery.com/wp-content/uploads/2020/07/129.jpg]
[www.megamachinery.com/portfolio/granulator/index.html]
[www.megamachinery.com/wp-json/oembed/1.0/embedfec6.json]
[www.megamachinery.com/wp-json/oembed/1.0/embed7444]
[www.megamachinery.com/wp-content/uploads/2020/12/0309096865.gif]
[www.megamachinery.com/portfolio/mixer/index.html]
[www.megamachinery.com/index312e.html]
[www.megamachinery.com/indexbee1.html]
[www.megamachinery.com/wp-json/wp/v2/pages/2670.json]
[www.megamachinery.com/wp-json/oembed/1.0/embed0445.json]
[www.megamachinery.com/wp-json/oembed/1.0/embedf29a]
[www.megamachinery.com/wp-content/uploads/2020/12/医药级别BOPP输液瓶.jpg]
[www.megamachinery.com/solution/pharmaceutical-iv-bottle/index.html]
[www.megamachinery.com/wp-json/wp/v2/pages/2658.json]
[www.megamachinery.com/wp-json/oembed/1.0/embedec84.json]
[www.megamachinery.com/wp-json/oembed/1.0/embed5eb4]
[www.megamachinery.com/wp-content/uploads/2020/12/PET扁型瓶.jpg]
[www.megamachinery.com/solution/oval-shaped-bottles/index.html]
[www.megamachinery.com/wp-json/wp/v2/pages/2683.json]
[www.megamachinery.com/wp-json/oembed/1.0/embed49b5.json]
[www.megamachinery.com/wp-json/oembed/1.0/embedf51f]
[www.megamachinery.com/wp-content/uploads/2020/12/无支撑环PET瓶.jpg]
[www.megamachinery.com/solution/loading-system-for-none-nsr-preform/index.html]
[www.megamachinery.com/wp-json/wp/v2/pages/2690.json]
[www.megamachinery.com/wp-json/oembed/1.0/embed4d5b.json]
[www.megamachinery.com/wp-json/oembed/1.0/embeda2d4]
[www.megamachinery.com/wp-content/uploads/2020/12/多层阻隔瓶.jpg]
[www.megamachinery.com/solution/multi-layer-barrier-pet-bottle/index.html]
[www.megamachinery.com/wp-json/wp/v2/pages/2695.json]
[www.megamachinery.com/wp-json/oembed/1.0/embed23c3.json]
[www.megamachinery.com/wp-json/oembed/1.0/embed70aa]
[www.megamachinery.com/wp-content/uploads/2020/12/PET听装瓶.jpg]
[www.megamachinery.com/solution/pet-can/index.html]
[www.megamachinery.com/wp-json/wp/v2/pages/2701.json]
[www.megamachinery.com/wp-json/oembed/1.0/embed2746.json]
[www.megamachinery.com/wp-json/oembed/1.0/embed2897]
[www.megamachinery.com/wp-content/uploads/2020/12/中空挤吹液位线容器-.jpg]
[www.megamachinery.com/solution/extrusion-blow-molded-containers-with-view-strip/index.html]
[www.megamachinery.com/index80a2.html]
[www.megamachinery.com/2024/09/index.html]
[www.megamachinery.com/wp-content/plugins/js_composer/assets/lib/vendor/owl-carousel2-dist/assets/owl.video.play.png]
[www.megamachinery.com/wp-content/plugins/js_composer/assets/lib/vendor/owl-carousel2-dist/assets/owl.min7035.css]
[www.megamachinery.com/indexf23b.html]
[www.megamachinery.com/index3661.html]
[www.megamachinery.com/wp-content/plugins/js_composer/assets/css/js_composer_tta.min7035.css]
[www.megamachinery.com/index67c0.html]
[www.megamachinery.com/indexbac1.html]
[www.megamachinery.com/contact-us/hymega@gmail.html]
[www.megamachinery.com/index2193.html]
[www.megamachinery.com/2024/index.html]
[www.megamachinery.com/wp-json/wp/v2/pages/3648.json]
[www.megamachinery.com/wp-json/oembed/1.0/embed2275.json]
[www.megamachinery.com/wp-json/oembed/1.0/embeded87]
[www.megamachinery.com/wp-content/uploads/2021/01/MG-SA-01-2.jpg]
[www.megamachinery.com/wp-content/uploads/2021/01/EB10-1-1.jpg]
[www.megamachinery.com/gallery/blow-moulding-machine-media/index.html]
[www.megamachinery.com/wp-json/wp/v2/pages/3651.json]
[www.megamachinery.com/wp-json/oembed/1.0/embed01b5.json]
[www.megamachinery.com/wp-json/oembed/1.0/embedbf5a]
[www.megamachinery.com/wp-content/uploads/2020/07/24-24.jpg]
[www.megamachinery.com/wp-content/uploads/2020/07/24-Cavity-Preform-Mould-for-PCO-1881-Neck-finish.jpg]
[www.megamachinery.com/wp-content/uploads/2020/07/24-cavity-Cap-mold.jpg]
[www.megamachinery.com/wp-content/uploads/2020/07/23-23.jpg]
[www.megamachinery.com/wp-content/uploads/2020/07/22-22.jpg]
[www.megamachinery.com/wp-content/uploads/2020/07/21-21.jpg]
[www.megamachinery.com/wp-content/uploads/2020/07/20-20.jpg]
[www.megamachinery.com/wp-content/uploads/2020/07/16-16.jpg]
[www.megamachinery.com/wp-content/uploads/2020/07/16-1.jpg]
[www.megamachinery.com/wp-content/uploads/2020/07/09-1.jpg]
[www.megamachinery.com/gallery/moulds-for-blow-moulding-machine/index.html]
[www.megamachinery.com/wp-json/wp/v2/pages/3638.json]
[www.megamachinery.com/wp-json/oembed/1.0/embed577e.json]
[www.megamachinery.com/wp-json/oembed/1.0/embed9910]
[www.megamachinery.com/gallery/injection-machine-media/index.html]
[www.megamachinery.com/wp-json/wp/v2/pages/3643.json]
[www.megamachinery.com/wp-json/oembed/1.0/embedfaae.json]
[www.megamachinery.com/wp-json/oembed/1.0/embed9ecf]
[www.megamachinery.com/wp-content/uploads/2020/07/11-11.jpg]
[www.megamachinery.com/wp-content/uploads/2020/07/10-10.jpg]
[www.megamachinery.com/wp-content/uploads/2020/07/09-9.jpg]
[www.megamachinery.com/gallery/injection-moulds-media/index.html]
[www.megamachinery.com/wp-json/wp/v2/pages/3656.json]
[www.megamachinery.com/wp-json/oembed/1.0/embed98a5.json]
[www.megamachinery.com/wp-json/oembed/1.0/embed71f8]
[www.megamachinery.com/gallery/other-products-media/index.html]
[www.megamachinery.com/indexcaca.html]
[www.megamachinery.com/index3234.html]
[www.megamachinery.com/index9315.html]
[www.megamachinery.com/indexdc45.html]
[www.megamachinery.com/index8bb4.html]
[www.megamachinery.com/index7667.html]
[www.megamachinery.com/index0efe.html]
[www.megamachinery.com/index3412.html]
[www.megamachinery.com/indexb85c.html]
[www.megamachinery.com/indexd814.html]
[www.megamachinery.com/2021/01/index.html]
[www.megamachinery.com/wp-json/wp/v2/categories/16.json]
[www.megamachinery.com/category/news/index.html]
[www.megamachinery.com/category/news/feed/index.html]
[www.megamachinery.com/2021/index.html]
[www.megamachinery.com/wp-json/wp/v2/categories/1.json]
[www.megamachinery.com/category/uncategorized/index.html]
[www.megamachinery.com/category/uncategorized/feed/index.html]
[www.megamachinery.com/wp-loginc2b6.html]
[www.megamachinery.com/wp-includes/js/wp-util.min3e78.js]
[www.megamachinery.com/wp-content/plugins/bluehost-wordpress-plugin/vendor/newfold-labs/wp-module-secure-passwords/assets/js/secure-passwords4bf4.js]
[www.megamachinery.com/wp-includes/js/clipboard.min3c89.js]
[www.megamachinery.com/wp-includes/js/zxcvbn-async.min5152.js]
[www.megamachinery.com/wp-includes/js/dist/dom-ready.min5346.js]
[www.megamachinery.com/wp-includes/js/dist/a11y.min3f73.js]
[www.megamachinery.com/wp-login.html]
[www.megamachinery.com/index511e.html]
[www.megamachinery.com/index0fe7.html]
[www.megamachinery.com/indexd22e.html]
[www.megamachinery.com/index1ffb.html]
[www.megamachinery.com/wp-content/plugins/revslider/public/assets/fonts/font-awesome/fonts/fontawesome-webfont3e6e.svg]
[www.megamachinery.com/wp-content/plugins/js_composer/assets/lib/vendor/node_modules/@fortawesome/fontawesome-free/webfonts/fa-brands-400.svg]
[www.megamachinery.com/wp-content/plugins/js_composer/assets/lib/vendor/node_modules/@fortawesome/fontawesome-free/webfonts/fa-regular-400.svg]
[www.megamachinery.com/wp-content/plugins/js_composer/assets/lib/vendor/node_modules/@fortawesome/fontawesome-free/webfonts/fa-solid-900.svg]
[mega1969.com/wp-content/uploads/2020/09/about_bg28789.jpg]
[www.megamachinery.com/index2fc6.html]
[www.megamachinery.com/index276a.html]
[www.megamachinery.com/indexb50a.html]
[www.megamachinery.com/index57e2.html]
[www.megamachinery.com/index4d01.html]
[www.megamachinery.com/index900c.html]
[www.megamachinery.com/index1c8c.html]
[www.megamachinery.com/indexf75b.html]
[www.megamachinery.com/index4cb5.html]
[www.megamachinery.com/indexcb11.html]
[www.megamachinery.com/index83b4.html]
[www.megamachinery.com/indexef76.html]
[www.megamachinery.com/index8f6a.html]
[www.megamachinery.com/indexc5de.html]
[www.megamachinery.com/indexfc19.html]
[www.megamachinery.com/indexb6c2.html]
[www.megamachinery.com/index9ca7.html]
[www.megamachinery.com/index71f9.html]
[www.megamachinery.com/index05db.html]
[www.megamachinery.com/indexef1a.html]
[www.megamachinery.com/index3d4f.html]
[www.megamachinery.com/index772a.html]
[www.megamachinery.com/upload/2012/0308/0234222948.html]
[www.megamachinery.com/upload/2012/0308/0234291741.html]
[www.megamachinery.com/upload/2012/0308/0234335241.html]
[www.megamachinery.com/indexb622.html]
[www.megamachinery.com/indexcd86.html]
[www.megamachinery.com/index8d34.html]
[www.megamachinery.com/indexae85.html]
[www.megamachinery.com/indexb645.html]
[www.megamachinery.com/index661b.html]
[www.megamachinery.com/indexa6a8.html]
[www.megamachinery.com/index2e17.html]
[www.megamachinery.com/index8328.html]
[www.megamachinery.com/index9276.html]
[www.megamachinery.com/index5da1.html]
[www.megamachinery.com/indexde83.html]
[www.megamachinery.com/indexecda.html]
[www.megamachinery.com/index3edb.html]
[www.megamachinery.com/index93cb.html]
[www.megamachinery.com/index9678.html]
[www.megamachinery.com/indexb558.html]
[www.megamachinery.com/index8ee5.html]
[www.megamachinery.com/index3919.html]
[www.megamachinery.com/indexf3fb.html]
[www.megamachinery.com/indexb52c.html]
[www.megamachinery.com/index726a.html]
[www.megamachinery.com/indexab7f.html]
[www.megamachinery.com/index6967.html]
[www.megamachinery.com/indexd093.html]
[www.megamachinery.com/index5eea.html]
[www.megamachinery.com/index93a1.html]
[www.megamachinery.com/indexe54d.html]
[www.megamachinery.com/index621e.html]
[www.megamachinery.com/index31b1.html]
[www.megamachinery.com/indexf174.html]
[www.megamachinery.com/index30a1.html]
[www.megamachinery.com/index7f97.html]
[www.megamachinery.com/indexdc0a.html]
[www.megamachinery.com/indexb426.html]
[www.megamachinery.com/index36c4.html]
[www.megamachinery.com/indexf3cd.html]
[www.megamachinery.com/index97e9.html]
[www.megamachinery.com/indexe6dd.html]
[www.megamachinery.com/index3cc5.html]
[www.megamachinery.com/indexced5.html]
[www.megamachinery.com/index8aff.html]
[www.megamachinery.com/index8c86.html]
[www.megamachinery.com/2024/index.html]
[www.megamachinery.com/indexdad8.html]
[www.megamachinery.com/indexe75a.html]
[www.megamachinery.com/indexf344.html]
[www.megamachinery.com/indexdc9d.html]
[www.megamachinery.com/indexf7c7.html]
[www.megamachinery.com/2021/index.html]
[www.megamachinery.com/wp-includes/fonts/dashicons7d4b.eot]
[www.megamachinery.com/wp-includes/fonts/dashicons7d4b.ttf]
[www.megamachinery.com/wp-includes/css/dashicons.min3e78.css]
[www.megamachinery.com/wp-includes/css/buttons.min3e78.css]
[www.megamachinery.com/wp-content/plugins/bluehost-wordpress-plugin/vendor/newfold-labs/wp-module-secure-passwords/assets/css/login4bf4.css]
[www.megamachinery.com/wp-loginc2b6.html]
[mega1969.com/wp-content/uploads/2020/09/banner-bg76af.jpg]
